Archive member included to satisfy reference by file (symbol)

.\CortexM0\ARM_GCC_541\Debug\SDBLEE.a(BLE_1.o)
                              .\CortexM0\ARM_GCC_541\Debug\main.o (CyBle_Start)
.\CortexM0\ARM_GCC_541\Debug\SDBLEE.a(BLE_1_gatt.o)
                              .\CortexM0\ARM_GCC_541\Debug\main.o (cyBle_state)
.\CortexM0\ARM_GCC_541\Debug\SDBLEE.a(BLE_1_eventHandler.o)
                              .\CortexM0\ARM_GCC_541\Debug\main.o (cyBle_connHandle)
.\CortexM0\ARM_GCC_541\Debug\SDBLEE.a(BLE_1_custom.o)
                              .\CortexM0\ARM_GCC_541\Debug\SDBLEE.a(BLE_1.o) (CyBle_CustomInit)
.\CortexM0\ARM_GCC_541\Debug\SDBLEE.a(CyLib.o)
                              .\CortexM0\ARM_GCC_541\Debug\cyfitter_cfg.o (CySysClkWriteImoFreq)
.\CortexM0\ARM_GCC_541\Debug\SDBLEE.a(CyLFClk.o)
                              .\CortexM0\ARM_GCC_541\Debug\cyfitter_cfg.o (CySysClkWcoStart)
.\CortexM0\ARM_GCC_541\Debug\SDBLEE.a(UART_1.o)
                              .\CortexM0\ARM_GCC_541\Debug\main.o (UART_1_Start)
.\CortexM0\ARM_GCC_541\Debug\SDBLEE.a(isr_1.o)
                              .\CortexM0\ARM_GCC_541\Debug\main.o (isr_1_StartEx)
.\CortexM0\ARM_GCC_541\Debug\SDBLEE.a(Blue.o)
                              .\CortexM0\ARM_GCC_541\Debug\main.o (Blue_Write)
.\CortexM0\ARM_GCC_541\Debug\SDBLEE.a(Red.o)
                              .\CortexM0\ARM_GCC_541\Debug\main.o (Red_Write)
.\CortexM0\ARM_GCC_541\Debug\SDBLEE.a(Green.o)
                              .\CortexM0\ARM_GCC_541\Debug\main.o (Green_Write)
.\CortexM0\ARM_GCC_541\Debug\SDBLEE.a(I2C_1.o)
                              .\CortexM0\ARM_GCC_541\Debug\main.o (I2C_1_Start)
.\CortexM0\ARM_GCC_541\Debug\SDBLEE.a(I2C_1_I2C.o)
                              .\CortexM0\ARM_GCC_541\Debug\SDBLEE.a(I2C_1.o) (I2C_1_I2CInit)
.\CortexM0\ARM_GCC_541\Debug\SDBLEE.a(I2C_1_I2C_MASTER.o)
                              .\CortexM0\ARM_GCC_541\Debug\SDBLEE.a(I2C_1_I2C.o) (I2C_1_mstrRdBufIndex)
.\CortexM0\ARM_GCC_541\Debug\SDBLEE.a(Volt_Regulator.o)
                              .\CortexM0\ARM_GCC_541\Debug\main.o (Volt_Regulator_Start)
.\CortexM0\ARM_GCC_541\Debug\SDBLEE.a(Volt_Regulator_INT.o)
                              .\CortexM0\ARM_GCC_541\Debug\SDBLEE.a(Volt_Regulator.o) (Volt_Regulator_ISR)
.\CortexM0\ARM_GCC_541\Debug\SDBLEE.a(CyBootAsmGnu.o)
                              .\CortexM0\ARM_GCC_541\Debug\cyfitter_cfg.o (CyDelayCycles)
.\CortexM0\ARM_GCC_541\Debug\SDBLEE.a(UART_1_AsmGnu.o)
                              .\CortexM0\ARM_GCC_541\Debug\SDBLEE.a(UART_1.o) (UART_1_PutChar)
.\CortexM0\ARM_GCC_541\Debug\SDBLEE.a(I2C_1_I2C_INT.o)
                              .\CortexM0\ARM_GCC_541\Debug\SDBLEE.a(I2C_1_I2C.o) (I2C_1_I2C_ISR)
..\..\4.2\Downloads ( 4.2).cylib\BLE_v3_61\Library\gccCyBLEStack_BLE_SOC_PERIPHERAL.a(CyBle.o)
                              .\CortexM0\ARM_GCC_541\Debug\SDBLEE.a(BLE_1_eventHandler.o) (CyBle_EnableDefaultDevicePrivacy)
..\..\4.2\Downloads ( 4.2).cylib\BLE_v3_61\Library\gccCyBLEStack_BLE_SOC_PERIPHERAL.a(CyBleStackMgrIP_Interface.o)
                              ..\..\4.2\Downloads ( 4.2).cylib\BLE_v3_61\Library\gccCyBLEStack_BLE_SOC_PERIPHERAL.a(CyBle.o) (CyBleStackMgr_Init)
..\..\4.2\Downloads ( 4.2).cylib\BLE_v3_61\Library\gccCyBLEStack_BLE_SOC_PERIPHERAL.a(BT_os.o)
                              ..\..\4.2\Downloads ( 4.2).cylib\BLE_v3_61\Library\gccCyBLEStack_BLE_SOC_PERIPHERAL.a(CyBleStackMgrIP_Interface.o) (cyBleStackMemoryConfig)
..\..\4.2\Downloads ( 4.2).cylib\BLE_v3_61\Library\gccCyBLEStack_BLE_SOC_PERIPHERAL.a(BT_timer.o)
                              ..\..\4.2\Downloads ( 4.2).cylib\BLE_v3_61\Library\gccCyBLEStack_BLE_SOC_PERIPHERAL.a(CyBleStackMgrIP_Interface.o) (timer_init)
..\..\4.2\Downloads ( 4.2).cylib\BLE_v3_61\Library\gccCyBLEStack_BLE_SOC_PERIPHERAL.a(CyBleStackMgr_StackTaskHandler.o)
                              ..\..\4.2\Downloads ( 4.2).cylib\BLE_v3_61\Library\gccCyBLEStack_BLE_SOC_PERIPHERAL.a(BT_timer.o) (BLE_STACK_TASK_EVT)
..\..\4.2\Downloads ( 4.2).cylib\BLE_v3_61\Library\gccCyBLEStack_BLE_SOC_PERIPHERAL.a(transport_sf.o)
                              ..\..\4.2\Downloads ( 4.2).cylib\BLE_v3_61\Library\gccCyBLEStack_BLE_SOC_PERIPHERAL.a(CyBleStackMgr_StackTaskHandler.o) (hci_soft_transport_notify_data_received)
..\..\4.2\Downloads ( 4.2).cylib\BLE_v3_61\Library\gccCyBLEStack_BLE_SOC_PERIPHERAL.a(CyBleStackMgr_PSoCHal.o)
                              ..\..\4.2\Downloads ( 4.2).cylib\BLE_v3_61\Library\gccCyBLEStack_BLE_SOC_PERIPHERAL.a(BT_timer.o) (CyBleStackMgr_GetTime)
..\..\4.2\Downloads ( 4.2).cylib\BLE_v3_61\Library\gccCyBLEStack_BLE_SOC_PERIPHERAL.a(CyBleStackMgr_BleSSDriver.o)
                              ..\..\4.2\Downloads ( 4.2).cylib\BLE_v3_61\Library\gccCyBLEStack_BLE_SOC_PERIPHERAL.a(CyBleStackMgrIP_Interface.o) (CyBleStackMgr_BleSSInit)
..\..\4.2\Downloads ( 4.2).cylib\BLE_v3_61\Library\gccCyBLEStack_BLE_SOC_PERIPHERAL.a(config_bin.o)
[...]
Memory Configuration

Name             Origin             Length             Attributes
rom              0x00000000         0x00020000         xr
ram              0x20000000         0x00004000         xrw
*default*        0x00000000         0xffffffff

Linker script and memory map

LOAD c:/program files (x86)/cypress/psoc creator/4.2/psoc creator/import/gnu/arm/5.4.1/bin/../lib/gcc/arm-none-eabi/5.4.1/armv6-m/crti.o
LOAD c:/program files (x86)/cypress/psoc creator/4.2/psoc creator/import/gnu/arm/5.4.1/bin/../lib/gcc/arm-none-eabi/5.4.1/armv6-m/crtbegin.o
LOAD c:/program files (x86)/cypress/psoc creator/4.2/psoc creator/import/gnu/arm/5.4.1/bin/../lib/gcc/arm-none-eabi/5.4.1/../../../../arm-none-eabi/lib/armv6-m/crt0.o
START GROUP
LOAD .\CortexM0\ARM_GCC_541\Debug\main.o
LOAD .\CortexM0\ARM_GCC_541\Debug\SD_I2C.o
LOAD .\CortexM0\ARM_GCC_541\Debug\cyfitter_cfg.o
LOAD .\CortexM0\ARM_GCC_541\Debug\cymetadata.o
LOAD .\CortexM0\ARM_GCC_541\Debug\Cm0Start.o
LOAD .\CortexM0\ARM_GCC_541\Debug\SDBLEE.a
LOAD ..\..\4.2\Downloads ( 4.2).cylib\BLE_v3_61\Library\gccCyBLEStack_BLE_SOC_PERIPHERAL.a
END GROUP
START GROUP
LOAD c:/program files (x86)/cypress/psoc creator/4.2/psoc creator/import/gnu/arm/5.4.1/bin/../lib/gcc/arm-none-eabi/5.4.1/armv6-m\libgcc.a
LOAD c:/program files (x86)/cypress/psoc creator/4.2/psoc creator/import/gnu/arm/5.4.1/bin/../lib/gcc/arm-none-eabi/5.4.1/../../../../arm-none-eabi/lib/armv6-m\libg_nano.a
LOAD c:/program files (x86)/cypress/psoc creator/4.2/psoc creator/import/gnu/arm/5.4.1/bin/../lib/gcc/arm-none-eabi/5.4.1/../../../../arm-none-eabi/lib/armv6-m\libc_nano.a
END GROUP
START GROUP
LOAD c:/program files (x86)/cypress/psoc creator/4.2/psoc creator/import/gnu/arm/5.4.1/bin/../lib/gcc/arm-none-eabi/5.4.1/armv6-m\libgcc.a
LOAD c:/program files (x86)/cypress/psoc creator/4.2/psoc creator/import/gnu/arm/5.4.1/bin/../lib/gcc/arm-none-eabi/5.4.1/../../../../arm-none-eabi/lib/armv6-m\libc_nano.a
END GROUP
LOAD c:/program files (x86)/cypress/psoc creator/4.2/psoc creator/import/gnu/arm/5.4.1/bin/../lib/gcc/arm-none-eabi/5.4.1/armv6-m/crtend.o
LOAD c:/program files (x86)/cypress/psoc creator/4.2/psoc creator/import/gnu/arm/5.4.1/bin/../lib/gcc/arm-none-eabi/5.4.1/armv6-m/crtn.o
START GROUP
LOAD c:/program files (x86)/cypress/psoc creator/4.2/psoc creator/import/gnu/arm/5.4.1/bin/../lib/gcc/arm-none-eabi/5.4.1/armv6-m\libgcc.a
LOAD c:/program files (x86)/cypress/psoc creator/4.2/psoc creator/import/gnu/arm/5.4.1/bin/../lib/gcc/arm-none-eabi/5.4.1/../../../../arm-none-eabi/lib/armv6-m\libc.a
LOAD c:/program files (x86)/cypress/psoc creator/4.2/psoc creator/import/gnu/arm/5.4.1/bin/../lib/gcc/arm-none-eabi/5.4.1/../../../../arm-none-eabi/lib/armv6-m\libnosys.a
END GROUP
                0x00000000                CY_APPL_ORIGIN = 0x0
                0x00000080                CY_FLASH_ROW_SIZE = 0x80
                0x00000001                CY_APPL_NUM = 0x1
                0x00000001                CY_APPL_MAX = 0x1
                0x00000040                CY_METADATA_SIZE = 0x40
                0x00000000                CY_APPL_LOADABLE = 0x0
                0x00000000                CY_CHECKSUM_EXCLUDE_SIZE = ALIGN (0x0, CY_FLASH_ROW_SIZE)
                0x00000000                CY_APP_FOR_STACK_AND_COPIER = 0x0
                [!provide]                PROVIDE (__cy_heap_start, _end)
                0x00000001                PROVIDE (__cy_region_num, ((__cy_regions_end - __cy_regions) / 0x10))
                0x20004000                PROVIDE (__cy_stack, (ORIGIN (ram) + LENGTH (ram)))
                [!provide]                PROVIDE (__cy_heap_end, (__cy_stack - 0x800))

.cybootloader   0x00000000        0x0
 *(.cybootloader)
                0x00000000                appl1_start = CY_APPL_ORIGIN?CY_APPL_ORIGIN:ALIGN (CY_FLASH_ROW_SIZE)
                0x0000ff80                appl2_start = (appl1_start + ALIGN ((((LENGTH (rom) - appl1_start) - (0x2 * CY_FLASH_ROW_SIZE)) / 0x2), CY_FLASH_ROW_SIZE))
                0x00000000                appl_start = (CY_APPL_NUM == 0x1)?appl1_start:appl2_start
                0x00000001                cy_project_type_bootloader = (appl_start == 0x0)?0x1:0x0
                0x00000000                cy_project_type_app_for_stack_and_copier = (CY_APP_FOR_STACK_AND_COPIER == 0x1)?0x1:0x0

.text           0x00000000     0x3220
 CREATE_OBJECT_SYMBOLS
                0x00000000                PROVIDE (__cy_interrupt_vector, RomVectors)
 *(.romvectors)
 .romvectors    0x00000000       0x10 .\CortexM0\ARM_GCC_541\Debug\Cm0Start.o
                0x00000000                RomVectors
                0x00000001                ASSERT ((. != __cy_interrupt_vector), No interrupt vector)
                0x00000001                ASSERT (CY_APPL_ORIGIN?(SIZEOF (.cybootloader) <= CY_APPL_ORIGIN):0x1, Wrong image location)
                0x00000010                PROVIDE (__cy_reset, Reset)
 *(.text.Reset)
 .text.Reset    0x00000010        0x8 .\CortexM0\ARM_GCC_541\Debug\Cm0Start.o
                0x00000010                Reset
                0x00000001                ASSERT ((. != __cy_reset), No reset code)
 *(.psocinit)
 .psocinit      0x00000018      0x1fc .\CortexM0\ARM_GCC_541\Debug\cyfitter_cfg.o
                0x00000128                cyfitter_cfg
                0x00000214                . = MAX (., 0x100)
 *(.text .text.* .gnu.linkonce.t.*)
 .text          0x00000214       0x60 c:/program files (x86)/cypress/psoc creator/4.2/psoc creator/import/gnu/arm/5.4.1/bin/../lib/gcc/arm-none-eabi/5.4.1/armv6-m/crtbegin.o
 .text.updateThermostatData
                0x00000274       0x2c .\CortexM0\ARM_GCC_541\Debug\main.o
                0x00000274                updateThermostatData
 .text.bleStack
                0x000002a0       0xc8 .\CortexM0\ARM_GCC_541\Debug\main.o
                0x000002a0                bleStack
 .text.send_Thermo_to_phone
                0x00000368       0x28 .\CortexM0\ARM_GCC_541\Debug\main.o
                0x00000368                send_Thermo_to_phone
 .text.SendDataNotify
                0x00000390       0x28 .\CortexM0\ARM_GCC_541\Debug\main.o
                0x00000390                SendDataNotify
 .text.updateNotificationCCCD
                0x000003b8       0x40 .\CortexM0\ARM_GCC_541\Debug\main.o
                0x000003b8                updateNotificationCCCD
 .text.randomNum
                0x000003f8       0x14 .\CortexM0\ARM_GCC_541\Debug\main.o
                0x000003f8                randomNum
 .text.wdtSleepInt
                0x0000040c      0x100 .\CortexM0\ARM_GCC_541\Debug\main.o
                0x0000040c                wdtSleepInt
 .text.main     0x0000050c       0x88 .\CortexM0\ARM_GCC_541\Debug\main.o
                0x0000050c                main
 .text.CYMEMZERO
                0x00000594        0xc .\CortexM0\ARM_GCC_541\Debug\cyfitter_cfg.o
 .text.SetAnalogRoutingPumps
                0x000005a0       0x20 .\CortexM0\ARM_GCC_541\Debug\cyfitter_cfg.o
                0x000005a0                SetAnalogRoutingPumps
 .text.AnalogSetDefault
                0x000005c0       0x3c .\CortexM0\ARM_GCC_541\Debug\cyfitter_cfg.o
 .text.IntDefaultHandler
                0x000005fc       0x10 .\CortexM0\ARM_GCC_541\Debug\Cm0Start.o
                0x000005fc                IntDefaultHandler
 .text._sbrk    0x0000060c       0x30 .\CortexM0\ARM_GCC_541\Debug\Cm0Start.o
                0x0000060c                _sbrk
 .text.Start_c  0x0000063c       0x48 .\CortexM0\ARM_GCC_541\Debug\Cm0Start.o
                0x0000063c                Start_c
 .text.initialize_psoc
                0x00000684       0x4c .\CortexM0\ARM_GCC_541\Debug\Cm0Start.o
                0x00000684                initialize_psoc
 .text.CyBle_ServiceInit
                0x000006d0        0x8 .\CortexM0\ARM_GCC_541\Debug\SDBLEE.a(BLE_1.o)
                0x000006d0                CyBle_ServiceInit
 .text.CyBle_Init
                0x000006d8       0x34 .\CortexM0\ARM_GCC_541\Debug\SDBLEE.a(BLE_1.o)
                0x000006d8                CyBle_Init
 .text.CyBle_Start
                0x0000070c       0xac .\CortexM0\ARM_GCC_541\Debug\SDBLEE.a(BLE_1.o)
                0x0000070c                CyBle_Start
 .text.CyBle_GappStartAdvertisement
                0x000007b8       0x90 .\CortexM0\ARM_GCC_541\Debug\SDBLEE.a(BLE_1.o)
                0x000007b8                CyBle_GappStartAdvertisement
 .text.CyBle_GappStopAdvertisement
                0x00000848       0x18 .\CortexM0\ARM_GCC_541\Debug\SDBLEE.a(BLE_1.o)
                0x00000848                CyBle_GappStopAdvertisement
 .text.CyBle_ChangeAdDeviceAddress
                0x00000860        0x4 .\CortexM0\ARM_GCC_541\Debug\SDBLEE.a(BLE_1.o)
                0x00000860                CyBle_ChangeAdDeviceAddress
 .text.CyBle_Get16ByPtr
                0x00000864        0xc .\CortexM0\ARM_GCC_541\Debug\SDBLEE.a(BLE_1.o)
                0x00000864                CyBle_Get16ByPtr
 .text.CyBle_GattsWriteEventHandler
                0x00000870       0x58 .\CortexM0\ARM_GCC_541\Debug\SDBLEE.a(BLE_1_gatt.o)
                0x00000870                CyBle_GattsWriteEventHandler
 .text.CyBle_GattDisconnectEventHandler
                0x000008c8       0x10 .\CortexM0\ARM_GCC_541\Debug\SDBLEE.a(BLE_1_eventHandler.o)
 .text.CyBle_WriteReqHandler
                0x000008d8       0x38 .\CortexM0\ARM_GCC_541\Debug\SDBLEE.a(BLE_1_eventHandler.o)
 .text.CyBle_IsDeviceAddressValid
                0x00000910       0x24 .\CortexM0\ARM_GCC_541\Debug\SDBLEE.a(BLE_1_eventHandler.o)
                0x00000910                CyBle_IsDeviceAddressValid
 .text.CyBle_EventHandler
                0x00000934      0x2bc .\CortexM0\ARM_GCC_541\Debug\SDBLEE.a(BLE_1_eventHandler.o)
                0x00000934                CyBle_EventHandler
 .text.CyBle_CustomInit
                0x00000bf0        0x4 .\CortexM0\ARM_GCC_541\Debug\SDBLEE.a(BLE_1_custom.o)
                0x00000bf0                CyBle_CustomInit
 .text.CySysClkWriteImoFreq
                0x00000bf4       0x64 .\CortexM0\ARM_GCC_541\Debug\SDBLEE.a(CyLib.o)
                0x00000bf4                CySysClkWriteImoFreq
 .text.CySysClkEcoReadStatus
                0x00000c58       0x10 .\CortexM0\ARM_GCC_541\Debug\SDBLEE.a(CyLib.o)
                0x00000c58                CySysClkEcoReadStatus
 .text.CyIntEnable
                0x00000c68       0x14 .\CortexM0\ARM_GCC_541\Debug\SDBLEE.a(CyLib.o)
                0x00000c68                CyIntEnable
 .text.CyIntDisable
                0x00000c7c       0x14 .\CortexM0\ARM_GCC_541\Debug\SDBLEE.a(CyLib.o)
                0x00000c7c                CyIntDisable
 .text.CyHalt   0x00000c90        0x4 .\CortexM0\ARM_GCC_541\Debug\SDBLEE.a(CyLib.o)
                0x00000c90                CyHalt
 .text.CyIntSetVector
                0x00000c94       0x24 .\CortexM0\ARM_GCC_541\Debug\SDBLEE.a(CyLib.o)
                0x00000c94                CyIntSetVector
 .text.CyIntSetPriority
                0x00000cb8       0x4c .\CortexM0\ARM_GCC_541\Debug\SDBLEE.a(CyLib.o)
                0x00000cb8                CyIntSetPriority
 .text.CyDelay  0x00000d04       0x30 .\CortexM0\ARM_GCC_541\Debug\SDBLEE.a(CyLib.o)
                0x00000d04                CyDelay
 .text.CyDelayUs
                0x00000d34       0x14 .\CortexM0\ARM_GCC_541\Debug\SDBLEE.a(CyLib.o)
                0x00000d34                CyDelayUs
 .text.CySysClkEcoStart
                0x00000d48       0x54 .\CortexM0\ARM_GCC_541\Debug\SDBLEE.a(CyLib.o)
                0x00000d48                CySysClkEcoStart
 .text.CySysWdtLocked
                0x00000d9c       0x14 .\CortexM0\ARM_GCC_541\Debug\SDBLEE.a(CyLFClk.o)
 .text.CySysClkWcoStart
                0x00000db0       0x40 .\CortexM0\ARM_GCC_541\Debug\SDBLEE.a(CyLFClk.o)
                0x00000db0                CySysClkWcoStart
 .text.CySysClkWcoSetPowerMode
                0x00000df0       0x80 .\CortexM0\ARM_GCC_541\Debug\SDBLEE.a(CyLFClk.o)
                0x00000df0                CySysClkWcoSetPowerMode
 .text.CySysWdtLock
                0x00000e70       0x1c .\CortexM0\ARM_GCC_541\Debug\SDBLEE.a(CyLFClk.o)
                0x00000e70                CySysWdtLock
 .text.CySysWdtUnlock
                0x00000e8c       0x30 .\CortexM0\ARM_GCC_541\Debug\SDBLEE.a(CyLFClk.o)
                0x00000e8c                CySysWdtUnlock
 .text.CySysWdtGetEnabledStatus
                0x00000ebc       0x24 .\CortexM0\ARM_GCC_541\Debug\SDBLEE.a(CyLFClk.o)
                0x00000ebc                CySysWdtGetEnabledStatus
 .text.CySysWdtEnable
                0x00000ee0       0x3c .\CortexM0\ARM_GCC_541\Debug\SDBLEE.a(CyLFClk.o)
                0x00000ee0                CySysWdtEnable
 .text.CySysWdtClearInterrupt
                0x00000f1c       0x4c .\CortexM0\ARM_GCC_541\Debug\SDBLEE.a(CyLFClk.o)
                0x00000f1c                CySysWdtClearInterrupt
 .text.UART_1_Start
                0x00000f68        0x4 .\CortexM0\ARM_GCC_541\Debug\SDBLEE.a(UART_1.o)
                0x00000f68                UART_1_Start
 .text.UART_1_PutString
                0x00000f6c       0x1c .\CortexM0\ARM_GCC_541\Debug\SDBLEE.a(UART_1.o)
                0x00000f6c                UART_1_PutString
 .text.UART_1_PutCRLF
                0x00000f88       0x10 .\CortexM0\ARM_GCC_541\Debug\SDBLEE.a(UART_1.o)
                0x00000f88                UART_1_PutCRLF
 .text.isr_1_SetVector
                0x00000f98        0xc .\CortexM0\ARM_GCC_541\Debug\SDBLEE.a(isr_1.o)
                0x00000f98                isr_1_SetVector
 .text.isr_1_SetPriority
                0x00000fa4       0x20 .\CortexM0\ARM_GCC_541\Debug\SDBLEE.a(isr_1.o)
                0x00000fa4                isr_1_SetPriority
 .text.isr_1_Enable
                0x00000fc4       0x10 .\CortexM0\ARM_GCC_541\Debug\SDBLEE.a(isr_1.o)
                0x00000fc4                isr_1_Enable
 .text.isr_1_Disable
                0x00000fd4       0x10 .\CortexM0\ARM_GCC_541\Debug\SDBLEE.a(isr_1.o)
                0x00000fd4                isr_1_Disable
 .text.isr_1_StartEx
                0x00000fe4       0x1c .\CortexM0\ARM_GCC_541\Debug\SDBLEE.a(isr_1.o)
                0x00000fe4                isr_1_StartEx
 .text.Blue_Write
                0x00001000       0x18 .\CortexM0\ARM_GCC_541\Debug\SDBLEE.a(Blue.o)
                0x00001000                Blue_Write
 .text.Red_Write
                0x00001018       0x18 .\CortexM0\ARM_GCC_541\Debug\SDBLEE.a(Red.o)
                0x00001018                Red_Write
 .text.Green_Write
                0x00001030       0x18 .\CortexM0\ARM_GCC_541\Debug\SDBLEE.a(Green.o)
                0x00001030                Green_Write
 .text.Green_Read
                0x00001048       0x10 .\CortexM0\ARM_GCC_541\Debug\SDBLEE.a(Green.o)
                0x00001048                Green_Read
 .text.I2C_1_ScbEnableIntr
                0x00001058        0xc .\CortexM0\ARM_GCC_541\Debug\SDBLEE.a(I2C_1.o)
 .text.I2C_1_Init
                0x00001064        0x8 .\CortexM0\ARM_GCC_541\Debug\SDBLEE.a(I2C_1.o)
                0x00001064                I2C_1_Init
 .text.I2C_1_Enable
                0x0000106c       0x18 .\CortexM0\ARM_GCC_541\Debug\SDBLEE.a(I2C_1.o)
                0x0000106c                I2C_1_Enable
 .text.I2C_1_Start
                0x00001084       0x20 .\CortexM0\ARM_GCC_541\Debug\SDBLEE.a(I2C_1.o)
                0x00001084                I2C_1_Start
 .text.I2C_1_I2CInit
                0x000010a4       0xb8 .\CortexM0\ARM_GCC_541\Debug\SDBLEE.a(I2C_1_I2C.o)
                0x000010a4                I2C_1_I2CInit
 .text.I2C_1_I2CFwBlockReset
                0x0000115c       0x5c .\CortexM0\ARM_GCC_541\Debug\SDBLEE.a(I2C_1_I2C.o)
                0x0000115c                I2C_1_I2CFwBlockReset
 .text.Volt_Regulator_Init
                0x000011b8       0xf8 .\CortexM0\ARM_GCC_541\Debug\SDBLEE.a(Volt_Regulator.o)
                0x000011b8                Volt_Regulator_Init
 .text.Volt_Regulator_Enable
                0x000012b0       0x30 .\CortexM0\ARM_GCC_541\Debug\SDBLEE.a(Volt_Regulator.o)
                0x000012b0                Volt_Regulator_Enable
 .text.Volt_Regulator_Start
                0x000012e0       0x20 .\CortexM0\ARM_GCC_541\Debug\SDBLEE.a(Volt_Regulator.o)
                0x000012e0                Volt_Regulator_Start
 .text.Volt_Regulator_StartConvert
                0x00001300       0x14 .\CortexM0\ARM_GCC_541\Debug\SDBLEE.a(Volt_Regulator.o)
                0x00001300                Volt_Regulator_StartConvert
 .text.Volt_Regulator_IsEndConversion
                0x00001314       0x28 .\CortexM0\ARM_GCC_541\Debug\SDBLEE.a(Volt_Regulator.o)
                0x00001314                Volt_Regulator_IsEndConversion
 .text.Volt_Regulator_GetResult16
                0x0000133c       0x2c .\CortexM0\ARM_GCC_541\Debug\SDBLEE.a(Volt_Regulator.o)
                0x0000133c                Volt_Regulator_GetResult16
 .text.Volt_Regulator_CountsTo_Volts
                0x00001368       0x48 .\CortexM0\ARM_GCC_541\Debug\SDBLEE.a(Volt_Regulator.o)
                0x00001368                Volt_Regulator_CountsTo_Volts
 .text.Volt_Regulator_ISR
                0x000013b0        0xc .\CortexM0\ARM_GCC_541\Debug\SDBLEE.a(Volt_Regulator_INT.o)
                0x000013b0                Volt_Regulator_ISR
 *fill*         0x000013bc        0x4 
 .text          0x000013c0       0x20 .\CortexM0\ARM_GCC_541\Debug\SDBLEE.a(CyBootAsmGnu.o)
                0x000013c0                CyDelayCycles
                0x000013d2                CyEnterCriticalSection
                0x000013da                CyExitCriticalSection
 .text          0x000013e0       0xd4 .\CortexM0\ARM_GCC_541\Debug\SDBLEE.a(UART_1_AsmGnu.o)
                0x000013e0                UART_1_PutChar
 .text.I2C_1_I2C_ISR
                0x000014b4      0x340 .\CortexM0\ARM_GCC_541\Debug\SDBLEE.a(I2C_1_I2C_INT.o)
                0x000014b4                I2C_1_I2C_ISR
 .text.CyBLE_Bless_LlRegWrite
                0x000017f4        0x4 .\CortexM0\ARM_GCC_541\Debug\SDBLEE.a(BLE_1_HAL_PVT.o)
                0x000017f4                CyBLE_Bless_LlRegWrite
 .text.CyBLE_Bless_RfRegWrite
                0x000017f8        0x4 .\CortexM0\ARM_GCC_541\Debug\SDBLEE.a(BLE_1_HAL_PVT.o)
                0x000017f8                CyBLE_Bless_RfRegWrite
 .text.CyBLE_BlessDeviceConfig
                0x000017fc      0x134 .\CortexM0\ARM_GCC_541\Debug\SDBLEE.a(BLE_1_HAL_PVT.o)
                0x000017fc                CyBLE_BlessDeviceConfig
 .text.CyBleHal_DelayUs
                0x00001930        0x8 .\CortexM0\ARM_GCC_541\Debug\SDBLEE.a(BLE_1_HAL_PVT.o)
                0x00001930                CyBleHal_DelayUs
 .text.CyBleHal_DelayMs
                0x00001938        0x8 .\CortexM0\ARM_GCC_541\Debug\SDBLEE.a(BLE_1_HAL_PVT.o)
                0x00001938                CyBleHal_DelayMs
 .text.CyBleHal_EnableGlobalInterrupts
                0x00001940        0x8 .\CortexM0\ARM_GCC_541\Debug\SDBLEE.a(BLE_1_HAL_PVT.o)
                0x00001940                CyBleHal_EnableGlobalInterrupts
 .text.CyBleHal_DisableGlobalInterrupts
                0x00001948        0x8 .\CortexM0\ARM_GCC_541\Debug\SDBLEE.a(BLE_1_HAL_PVT.o)
                0x00001948                CyBleHal_DisableGlobalInterrupts
 .text.CyBle_HalInit
                0x00001950       0x18 .\CortexM0\ARM_GCC_541\Debug\SDBLEE.a(BLE_1_HAL_PVT.o)
                0x00001950                CyBle_HalInit
 .text.CYBLE_BlessStart
                0x00001968       0x10 .\CortexM0\ARM_GCC_541\Debug\SDBLEE.a(BLE_1_HAL_PVT.o)
                0x00001968                CYBLE_BlessStart
 .text.CyBLE_GetIpBlockVersion
                0x00001978        0x8 .\CortexM0\ARM_GCC_541\Debug\SDBLEE.a(BLE_1_HAL_PVT.o)
                0x00001978                CyBLE_GetIpBlockVersion
 .text.CyBle_Hal_pairing_local_public_key_handler
                0x00001980        0x4 .\CortexM0\ARM_GCC_541\Debug\SDBLEE.a(BLE_1_HAL_PVT.o)
                0x00001980                CyBle_Hal_pairing_local_public_key_handler
 .text.CyBle_Hal_pairing_remote_key_handler
                0x00001984        0x4 .\CortexM0\ARM_GCC_541\Debug\SDBLEE.a(BLE_1_HAL_PVT.o)
                0x00001984                CyBle_Hal_pairing_remote_key_handler
 .text.CyBle_Hal_pairing_dhkey_handler
                0x00001988        0x4 .\CortexM0\ARM_GCC_541\Debug\SDBLEE.a(BLE_1_HAL_PVT.o)
                0x00001988                CyBle_Hal_pairing_dhkey_handler
 .text.CyBle_Hal_pairing_dhkey_check_handler
                0x0000198c        0x4 .\CortexM0\ARM_GCC_541\Debug\SDBLEE.a(BLE_1_HAL_PVT.o)
                0x0000198c                CyBle_Hal_pairing_dhkey_check_handler
 .text.CyBle_Hal_pairing_keypress_notification_handler
                0x00001990        0x4 .\CortexM0\ARM_GCC_541\Debug\SDBLEE.a(BLE_1_HAL_PVT.o)
                0x00001990                CyBle_Hal_pairing_keypress_notification_handler
 .text.CyBle_Hal_pairing_rand_handler
                0x00001994        0x4 .\CortexM0\ARM_GCC_541\Debug\SDBLEE.a(BLE_1_HAL_PVT.o)
                0x00001994                CyBle_Hal_pairing_rand_handler
 .text.CyBle_Hal_pairing_confirm_handler
                0x00001998        0x4 .\CortexM0\ARM_GCC_541\Debug\SDBLEE.a(BLE_1_HAL_PVT.o)
                0x00001998                CyBle_Hal_pairing_confirm_handler
 .text.CyBle_Hal_pairing_lr_confirming_handler
                0x0000199c        0x4 .\CortexM0\ARM_GCC_541\Debug\SDBLEE.a(BLE_1_HAL_PVT.o)
                0x0000199c                CyBle_Hal_pairing_lr_confirming_handler
 .text.CyBle_Hal_pairing_sc_tbx_local_pubkey_generate_complete
                0x000019a0        0x4 .\CortexM0\ARM_GCC_541\Debug\SDBLEE.a(BLE_1_HAL_PVT.o)
                0x000019a0                CyBle_Hal_pairing_sc_tbx_local_pubkey_generate_complete
 .text.CyBle_Hal_pairing_sc_generate_local_P256_public_key
                0x000019a4        0x4 .\CortexM0\ARM_GCC_541\Debug\SDBLEE.a(BLE_1_HAL_PVT.o)
                0x000019a4                CyBle_Hal_pairing_sc_generate_local_P256_public_key
 .text.CyBle_Hal_se_smp_sc_user_passkey_handler
                0x000019a8        0x4 .\CortexM0\ARM_GCC_541\Debug\SDBLEE.a(BLE_1_HAL_PVT.o)
                0x000019a8                CyBle_Hal_se_smp_sc_user_passkey_handler
 .text.CyBle_Hal_EccPointMult
                0x000019ac        0x4 .\CortexM0\ARM_GCC_541\Debug\SDBLEE.a(BLE_1_HAL_PVT.o)
                0x000019ac                CyBle_Hal_EccPointMult
 .text.BLE_1_bless_isr_SetVector
                0x000019b0        0xc .\CortexM0\ARM_GCC_541\Debug\SDBLEE.a(BLE_1_bless_isr.o)
                0x000019b0                BLE_1_bless_isr_SetVector
 .text.BLE_1_bless_isr_SetPriority
                0x000019bc       0x20 .\CortexM0\ARM_GCC_541\Debug\SDBLEE.a(BLE_1_bless_isr.o)
                0x000019bc                BLE_1_bless_isr_SetPriority
 .text.BLE_1_bless_isr_Enable
                0x000019dc       0x10 .\CortexM0\ARM_GCC_541\Debug\SDBLEE.a(BLE_1_bless_isr.o)
                0x000019dc                BLE_1_bless_isr_Enable
 .text.BLE_1_bless_isr_Disable
                0x000019ec       0x10 .\CortexM0\ARM_GCC_541\Debug\SDBLEE.a(BLE_1_bless_isr.o)
                0x000019ec                BLE_1_bless_isr_Disable
 .text.BLE_1_bless_isr_StartEx
                0x000019fc       0x1c .\CortexM0\ARM_GCC_541\Debug\SDBLEE.a(BLE_1_bless_isr.o)
                0x000019fc                BLE_1_bless_isr_StartEx
 .text.CySysPmSleep
                0x00001a18       0x1c .\CortexM0\ARM_GCC_541\Debug\SDBLEE.a(cyPm.o)
                0x00001a18                CySysPmSleep
 .text.CyBLE_Bless_Interrupt
                0x00001a34        0x8 .\CortexM0\ARM_GCC_541\Debug\SDBLEE.a(BLE_1_HAL_INT.o)
                0x00001a34                CyBLE_Bless_Interrupt
 .text          0x00001a3c      0x114 c:/program files (x86)/cypress/psoc creator/4.2/psoc creator/import/gnu/arm/5.4.1/bin/../lib/gcc/arm-none-eabi/5.4.1/armv6-m\libgcc.a(_udivsi3.o)
                0x00001a3c                __aeabi_uidiv
                0x00001a3c                __udivsi3
                0x00001b48                __aeabi_uidivmod
 .text          0x00001b50      0x1d4 c:/program files (x86)/cypress/psoc creator/4.2/psoc creator/import/gnu/arm/5.4.1/bin/../lib/gcc/arm-none-eabi/5.4.1/armv6-m\libgcc.a(_divsi3.o)
                0x00001b50                __divsi3
                0x00001b50                __aeabi_idiv
                0x00001d1c                __aeabi_idivmod
 .text          0x00001d24        0x4 c:/program files (x86)/cypress/psoc creator/4.2/psoc creator/import/gnu/arm/5.4.1/bin/../lib/gcc/arm-none-eabi/5.4.1/armv6-m\libgcc.a(_dvmd_tls.o)
                0x00001d24                __aeabi_idiv0
                0x00001d24                __aeabi_ldiv0
 .text          0x00001d28       0x58 c:/program files (x86)/cypress/psoc creator/4.2/psoc creator/import/gnu/arm/5.4.1/bin/../lib/gcc/arm-none-eabi/5.4.1/armv6-m\libgcc.a(_muldi3.o)
                0x00001d28                __muldi3
                0x00001d28                __aeabi_lmul
 .text          0x00001d80       0x30 c:/program files (x86)/cypress/psoc creator/4.2/psoc creator/import/gnu/arm/5.4.1/bin/../lib/gcc/arm-none-eabi/5.4.1/armv6-m\libgcc.a(_fixunssfsi.o)
                0x00001d80                __fixunssfsi
                0x00001d80                __aeabi_f2uiz
 .text          0x00001db0      0x234 c:/program files (x86)/cypress/psoc creator/4.2/psoc creator/import/gnu/arm/5.4.1/bin/../lib/gcc/arm-none-eabi/5.4.1/armv6-m\libgcc.a(divsf3.o)
                0x00001db0                __aeabi_fdiv
 .text          0x00001fe4      0x228 c:/program files (x86)/cypress/psoc creator/4.2/psoc creator/import/gnu/arm/5.4.1/bin/../lib/gcc/arm-none-eabi/5.4.1/armv6-m\libgcc.a(mulsf3.o)
                0x00001fe4                __aeabi_fmul
 .text          0x0000220c      0x30c c:/program files (x86)/cypress/psoc creator/4.2/psoc creator/import/gnu/arm/5.4.1/bin/../lib/gcc/arm-none-eabi/5.4.1/armv6-m\libgcc.a(subsf3.o)
                0x0000220c                __aeabi_fsub
 .text          0x00002518       0x44 c:/program files (x86)/cypress/psoc creator/4.2/psoc creator/import/gnu/arm/5.4.1/bin/../lib/gcc/arm-none-eabi/5.4.1/armv6-m\libgcc.a(fixsfsi.o)
                0x00002518                __aeabi_f2iz
 .text          0x0000255c       0x90 c:/program files (x86)/cypress/psoc creator/4.2/psoc creator/import/gnu/arm/5.4.1/bin/../lib/gcc/arm-none-eabi/5.4.1/armv6-m\libgcc.a(floatsisf.o)
                0x0000255c                __aeabi_i2f
 .text          0x000025ec       0x74 c:/program files (x86)/cypress/psoc creator/4.2/psoc creator/import/gnu/arm/5.4.1/bin/../lib/gcc/arm-none-eabi/5.4.1/armv6-m\libgcc.a(_arm_cmpsf2.o)
                0x000025ec                __aeabi_cfrcmple
                0x000025f4                __aeabi_cfcmpeq
                0x000025f4                __aeabi_cfcmple
                0x00002604                __aeabi_fcmpeq
                0x00002610                __aeabi_fcmplt
                0x00002624                __aeabi_fcmple
                0x00002638                __aeabi_fcmpgt
                0x0000264c                __aeabi_fcmpge
 .text          0x00002660       0x3c c:/program files (x86)/cypress/psoc creator/4.2/psoc creator/import/gnu/arm/5.4.1/bin/../lib/gcc/arm-none-eabi/5.4.1/armv6-m\libgcc.a(_clzsi2.o)
                0x00002660                __clzsi2
 .text          0x0000269c       0x50 c:/program files (x86)/cypress/psoc creator/4.2/psoc creator/import/gnu/arm/5.4.1/bin/../lib/gcc/arm-none-eabi/5.4.1/armv6-m\libgcc.a(eqsf2.o)
                0x0000269c                __eqsf2
                0x0000269c                __nesf2
 .text          0x000026ec       0x88 c:/program files (x86)/cypress/psoc creator/4.2/psoc creator/import/gnu/arm/5.4.1/bin/../lib/gcc/arm-none-eabi/5.4.1/armv6-m\libgcc.a(gesf2.o)
                0x000026ec                __gesf2
                0x000026ec                __gtsf2
 .text          0x00002774       0x88 c:/program files (x86)/cypress/psoc creator/4.2/psoc creator/import/gnu/arm/5.4.1/bin/../lib/gcc/arm-none-eabi/5.4.1/armv6-m\libgcc.a(lesf2.o)
                0x00002774                __ltsf2
                0x00002774                __lesf2
 .text.__errno  0x000027fc        0xc c:/program files (x86)/cypress/psoc creator/4.2/psoc creator/import/gnu/arm/5.4.1/bin/../lib/gcc/arm-none-eabi/5.4.1/../../../../arm-none-eabi/lib/armv6-m\libg_nano.a(lib_a-errno.o)
                0x000027fc                __errno
 .text.__libc_init_array
                0x00002808       0x4c c:/program files (x86)/cypress/psoc creator/4.2/psoc creator/import/gnu/arm/5.4.1/bin/../lib/gcc/arm-none-eabi/5.4.1/../../../../arm-none-eabi/lib/armv6-m\libg_nano.a(lib_a-init.o)
                0x00002808                __libc_init_array
 .text.memcmp   0x00002854       0x1e c:/program files (x86)/cypress/psoc creator/4.2/psoc creator/import/gnu/arm/5.4.1/bin/../lib/gcc/arm-none-eabi/5.4.1/../../../../arm-none-eabi/lib/armv6-m\libg_nano.a(lib_a-memcmp.o)
                0x00002854                memcmp
 .text.memcpy   0x00002872       0x12 c:/program files (x86)/cypress/psoc creator/4.2/psoc creator/import/gnu/arm/5.4.1/bin/../lib/gcc/arm-none-eabi/5.4.1/../../../../arm-none-eabi/lib/armv6-m\libg_nano.a(lib_a-memcpy-stub.o)
                0x00002872                memcpy
 .text.memset   0x00002884       0x10 c:/program files (x86)/cypress/psoc creator/4.2/psoc creator/import/gnu/arm/5.4.1/bin/../lib/gcc/arm-none-eabi/5.4.1/../../../../arm-none-eabi/lib/armv6-m\libg_nano.a(lib_a-memset.o)
                0x00002884                memset
 .text.srand    0x00002894       0x5c c:/program files (x86)/cypress/psoc creator/4.2/psoc creator/import/gnu/arm/5.4.1/bin/../lib/gcc/arm-none-eabi/5.4.1/../../../../arm-none-eabi/lib/armv6-m\libg_nano.a(lib_a-rand.o)
                0x00002894                srand
 .text.rand     0x000028f0       0x78 c:/program files (x86)/cypress/psoc creator/4.2/psoc creator/import/gnu/arm/5.4.1/bin/../lib/gcc/arm-none-eabi/5.4.1/../../../../arm-none-eabi/lib/armv6-m\libg_nano.a(lib_a-rand.o)
                0x000028f0                rand
 .text.sprintf  0x00002968       0x44 c:/program files (x86)/cypress/psoc creator/4.2/psoc creator/import/gnu/arm/5.4.1/bin/../lib/gcc/arm-none-eabi/5.4.1/../../../../arm-none-eabi/lib/armv6-m\libg_nano.a(lib_a-sprintf.o)
                0x00002968                siprintf
                0x00002968                sprintf
 .text.time     0x000029ac       0x28 c:/program files (x86)/cypress/psoc creator/4.2/psoc creator/import/gnu/arm/5.4.1/bin/../lib/gcc/arm-none-eabi/5.4.1/../../../../arm-none-eabi/lib/armv6-m\libg_nano.a(lib_a-time.o)
                0x000029ac                time
 .text._gettimeofday_r
                0x000029d4       0x24 c:/program files (x86)/cypress/psoc creator/4.2/psoc creator/import/gnu/arm/5.4.1/bin/../lib/gcc/arm-none-eabi/5.4.1/../../../../arm-none-eabi/lib/armv6-m\libg_nano.a(lib_a-gettimeofdayr.o)
                0x000029d4                _gettimeofday_r
 .text.malloc   0x000029f8       0x14 c:/program files (x86)/cypress/psoc creator/4.2/psoc creator/import/gnu/arm/5.4.1/bin/../lib/gcc/arm-none-eabi/5.4.1/../../../../arm-none-eabi/lib/armv6-m\libg_nano.a(lib_a-malloc.o)
                0x000029f8                malloc
 .text._free_r  0x00002a0c       0x98 c:/program files (x86)/cypress/psoc creator/4.2/psoc creator/import/gnu/arm/5.4.1/bin/../lib/gcc/arm-none-eabi/5.4.1/../../../../arm-none-eabi/lib/armv6-m\libg_nano.a(lib_a-nano-freer.o)
                0x00002a0c                _free_r
 .text._malloc_r
                0x00002aa4       0xc0 c:/program files (x86)/cypress/psoc creator/4.2/psoc creator/import/gnu/arm/5.4.1/bin/../lib/gcc/arm-none-eabi/5.4.1/../../../../arm-none-eabi/lib/armv6-m\libg_nano.a(lib_a-nano-mallocr.o)
                0x00002aa4                _malloc_r
 .text.__ssputs_r
                0x00002b64       0xc4 c:/program files (x86)/cypress/psoc creator/4.2/psoc creator/import/gnu/arm/5.4.1/bin/../lib/gcc/arm-none-eabi/5.4.1/../../../../arm-none-eabi/lib/armv6-m\libg_nano.a(lib_a-nano-svfprintf.o)
                0x00002b64                __ssputs_r
 .text._svfprintf_r
                0x00002c28      0x1fc c:/program files (x86)/cypress/psoc creator/4.2/psoc creator/import/gnu/arm/5.4.1/bin/../lib/gcc/arm-none-eabi/5.4.1/../../../../arm-none-eabi/lib/armv6-m\libg_nano.a(lib_a-nano-svfprintf.o)
                0x00002c28                _svfiprintf_r
                0x00002c28                _svfprintf_r
 .text._printf_common
                0x00002e24       0xdc c:/program files (x86)/cypress/psoc creator/4.2/psoc creator/import/gnu/arm/5.4.1/bin/../lib/gcc/arm-none-eabi/5.4.1/../../../../arm-none-eabi/lib/armv6-m\libg_nano.a(lib_a-nano-vfprintf_i.o)
                0x00002e24                _printf_common
 .text._printf_i
                0x00002f00      0x244 c:/program files (x86)/cypress/psoc creator/4.2/psoc creator/import/gnu/arm/5.4.1/bin/../lib/gcc/arm-none-eabi/5.4.1/../../../../arm-none-eabi/lib/armv6-m\libg_nano.a(lib_a-nano-vfprintf_i.o)
                0x00002f00                _printf_i
 .text._sbrk_r  0x00003144       0x24 c:/program files (x86)/cypress/psoc creator/4.2/psoc creator/import/gnu/arm/5.4.1/bin/../lib/gcc/arm-none-eabi/5.4.1/../../../../arm-none-eabi/lib/armv6-m\libg_nano.a(lib_a-sbrkr.o)
                0x00003144                _sbrk_r
 .text.memchr   0x00003168       0x16 c:/program files (x86)/cypress/psoc creator/4.2/psoc creator/import/gnu/arm/5.4.1/bin/../lib/gcc/arm-none-eabi/5.4.1/../../../../arm-none-eabi/lib/armv6-m\libg_nano.a(lib_a-memchr-stub.o)
                0x00003168                memchr
 .text.memmove  0x0000317e       0x2a c:/program files (x86)/cypress/psoc creator/4.2/psoc creator/import/gnu/arm/5.4.1/bin/../lib/gcc/arm-none-eabi/5.4.1/../../../../arm-none-eabi/lib/armv6-m\libg_nano.a(lib_a-memmove.o)
                0x0000317e                memmove
 .text.__malloc_lock
                0x000031a8        0x2 c:/program files (x86)/cypress/psoc creator/4.2/psoc creator/import/gnu/arm/5.4.1/bin/../lib/gcc/arm-none-eabi/5.4.1/../../../../arm-none-eabi/lib/armv6-m\libg_nano.a(lib_a-mlock.o)
                0x000031a8                __malloc_lock
 .text.__malloc_unlock
                0x000031aa        0x2 c:/program files (x86)/cypress/psoc creator/4.2/psoc creator/import/gnu/arm/5.4.1/bin/../lib/gcc/arm-none-eabi/5.4.1/../../../../arm-none-eabi/lib/armv6-m\libg_nano.a(lib_a-mlock.o)
                0x000031aa                __malloc_unlock
 .text._realloc_r
                0x000031ac       0x4c c:/program files (x86)/cypress/psoc creator/4.2/psoc creator/import/gnu/arm/5.4.1/bin/../lib/gcc/arm-none-eabi/5.4.1/../../../../arm-none-eabi/lib/armv6-m\libg_nano.a(lib_a-nano-reallocr.o)
                0x000031ac                _realloc_r
 .text._malloc_usable_size_r
                0x000031f8       0x16 c:/program files (x86)/cypress/psoc creator/4.2/psoc creator/import/gnu/arm/5.4.1/bin/../lib/gcc/arm-none-eabi/5.4.1/../../../../arm-none-eabi/lib/armv6-m\libg_nano.a(lib_a-nano-msizer.o)
                0x000031f8                _malloc_usable_size_r
 *fill*         0x0000320e        0x2 
 .text._gettimeofday
                0x00003210       0x10 c:/program files (x86)/cypress/psoc creator/4.2/psoc creator/import/gnu/arm/5.4.1/bin/../lib/gcc/arm-none-eabi/5.4.1/../../../../arm-none-eabi/lib/armv6-m\libnosys.a(gettod.o)
                0x00003210                _gettimeofday
 *(.plt)
 *(.gnu.warning)
 *(.glue_7t)
 .glue_7t       0x00003220        0x0 linker stubs
 *(.glue_7)
 .glue_7        0x00003220        0x0 linker stubs
 *(.vfp11_veneer)
 .vfp11_veneer  0x00003220        0x0 linker stubs
 *(.bootloader)
 *(.ARM.extab* .gnu.linkonce.armextab.*)
 *(.gcc_except_table)

.v4_bx          0x00003220        0x0
 .v4_bx         0x00003220        0x0 linker stubs

.iplt           0x00003220        0x0
 .iplt          0x00003220        0x0 c:/program files (x86)/cypress/psoc creator/4.2/psoc creator/import/gnu/arm/5.4.1/bin/../lib/gcc/arm-none-eabi/5.4.1/armv6-m/crtbegin.o

i.CyBle_ControllerGetFeatureHeapReq
                0x00003220       0x58
 i.CyBle_ControllerGetFeatureHeapReq
                0x00003220       0x58 ..\..\4.2\Downloads ( 4.2).cylib\BLE_v3_61\Library\gccCyBLEStack_BLE_SOC_PERIPHERAL.a(CyBle.o)
                0x00003220                CyBle_ControllerGetFeatureHeapReq

i.CyBle_EnableDefaultDevicePrivacy
                0x00003278        0x8
 i.CyBle_EnableDefaultDevicePrivacy
                0x00003278        0x8 ..\..\4.2\Downloads ( 4.2).cylib\BLE_v3_61\Library\gccCyBLEStack_BLE_SOC_PERIPHERAL.a(CyBle.o)
                0x00003278                CyBle_EnableDefaultDevicePrivacy

i.CyBle_ExitLPM
                0x00003280        0x8
 i.CyBle_ExitLPM
                0x00003280        0x8 ..\..\4.2\Downloads ( 4.2).cylib\BLE_v3_61\Library\gccCyBLEStack_BLE_SOC_PERIPHERAL.a(CyBle.o)
                0x00003280                CyBle_ExitLPM

i.CyBle_ProcessEvents
                0x00003288        0x8
 i.CyBle_ProcessEvents
                0x00003288        0x8 ..\..\4.2\Downloads ( 4.2).cylib\BLE_v3_61\Library\gccCyBLEStack_BLE_SOC_PERIPHERAL.a(CyBle.o)
                0x00003288                CyBle_ProcessEvents

i.CyBle_SetDeviceAddress
                0x00003290       0x24
 i.CyBle_SetDeviceAddress
                0x00003290       0x24 ..\..\4.2\Downloads ( 4.2).cylib\BLE_v3_61\Library\gccCyBLEStack_BLE_SOC_PERIPHERAL.a(CyBle.o)
                0x00003290                CyBle_SetDeviceAddress

i.CyBle_StackGetFeatureConfig
                0x000032b4       0x38
 i.CyBle_StackGetFeatureConfig
                0x000032b4       0x38 ..\..\4.2\Downloads ( 4.2).cylib\BLE_v3_61\Library\gccCyBLEStack_BLE_SOC_PERIPHERAL.a(CyBle.o)
                0x000032b4                CyBle_StackGetFeatureConfig

i.CyBle_StackInit
                0x000032ec      0x154
 i.CyBle_StackInit
                0x000032ec      0x154 ..\..\4.2\Downloads ( 4.2).cylib\BLE_v3_61\Library\gccCyBLEStack_BLE_SOC_PERIPHERAL.a(CyBle.o)
                0x000032ec                CyBle_StackInit

i.CyBle_StackSetFeatureConfig
                0x00003440       0xe8
 i.CyBle_StackSetFeatureConfig
                0x00003440       0xe8 ..\..\4.2\Downloads ( 4.2).cylib\BLE_v3_61\Library\gccCyBLEStack_BLE_SOC_PERIPHERAL.a(CyBle.o)
                0x00003440                CyBle_StackSetFeatureConfig

i.CyBle_StackValidateInputParams
                0x00003528       0xf4
 i.CyBle_StackValidateInputParams
                0x00003528       0xf4 ..\..\4.2\Downloads ( 4.2).cylib\BLE_v3_61\Library\gccCyBLEStack_BLE_SOC_PERIPHERAL.a(CyBle.o)

i.__ARM_common_switch8
                0x0000361c       0x1a
 i.__ARM_common_switch8
                0x0000361c       0x1a ..\..\4.2\Downloads ( 4.2).cylib\BLE_v3_61\Library\gccCyBLEStack_BLE_SOC_PERIPHERAL.a(CyBle.o)
                0x0000361c                __ARM_common_switch8

i.CyBleStackMgr_Init
                0x00003638      0x10c
 i.CyBleStackMgr_Init
                0x00003638      0x10c ..\..\4.2\Downloads ( 4.2).cylib\BLE_v3_61\Library\gccCyBLEStack_BLE_SOC_PERIPHERAL.a(CyBleStackMgrIP_Interface.o)
                0x00003638                CyBleStackMgr_Init

i.CyBleStackMgr_ProcessBleEvents
                0x00003744       0x14
 i.CyBleStackMgr_ProcessBleEvents
                0x00003744       0x14 ..\..\4.2\Downloads ( 4.2).cylib\BLE_v3_61\Library\gccCyBLEStack_BLE_SOC_PERIPHERAL.a(CyBleStackMgrIP_Interface.o)
                0x00003744                CyBleStackMgr_ProcessBleEvents

i.CyBle_GetHeapMemory
                0x00003758       0x28
 i.CyBle_GetHeapMemory
                0x00003758       0x28 ..\..\4.2\Downloads ( 4.2).cylib\BLE_v3_61\Library\gccCyBLEStack_BLE_SOC_PERIPHERAL.a(CyBleStackMgrIP_Interface.o)
                0x00003758                CyBle_GetHeapMemory

i.CyBle_GetNumAppBufferPools
                0x00003780        0xc
 i.CyBle_GetNumAppBufferPools
                0x00003780        0xc ..\..\4.2\Downloads ( 4.2).cylib\BLE_v3_61\Library\gccCyBLEStack_BLE_SOC_PERIPHERAL.a(CyBleStackMgrIP_Interface.o)
                0x00003780                CyBle_GetNumAppBufferPools

i.CyBle_HostStackBufferPoolInit
                0x0000378c       0xec
 i.CyBle_HostStackBufferPoolInit
                0x0000378c       0xec ..\..\4.2\Downloads ( 4.2).cylib\BLE_v3_61\Library\gccCyBLEStack_BLE_SOC_PERIPHERAL.a(CyBleStackMgrIP_Interface.o)

i.ble_stack_idle_task_callback
                0x00003878        0x2
 i.ble_stack_idle_task_callback
                0x00003878        0x2 ..\..\4.2\Downloads ( 4.2).cylib\BLE_v3_61\Library\gccCyBLEStack_BLE_SOC_PERIPHERAL.a(CyBleStackMgrIP_Interface.o)
                0x00003878                ble_stack_idle_task_callback

i.BT_OSFreeBuf  0x0000387c       0x20
 i.BT_OSFreeBuf
                0x0000387c       0x20 ..\..\4.2\Downloads ( 4.2).cylib\BLE_v3_61\Library\gccCyBLEStack_BLE_SOC_PERIPHERAL.a(BT_os.o)
                0x0000387c                BT_OSFreeBuf

i.BT_OSGetBuF   0x0000389c       0x34
 i.BT_OSGetBuF  0x0000389c       0x34 ..\..\4.2\Downloads ( 4.2).cylib\BLE_v3_61\Library\gccCyBLEStack_BLE_SOC_PERIPHERAL.a(BT_os.o)
                0x0000389c                BT_OSGetBuF

i.BT_OSMemCreate
                0x000038d0       0x3c
 i.BT_OSMemCreate
                0x000038d0       0x3c ..\..\4.2\Downloads ( 4.2).cylib\BLE_v3_61\Library\gccCyBLEStack_BLE_SOC_PERIPHERAL.a(BT_os.o)
                0x000038d0                BT_OSMemCreate

i.BT_alloc_mem_ext
                0x0000390c       0x3c
 i.BT_alloc_mem_ext
                0x0000390c       0x3c ..\..\4.2\Downloads ( 4.2).cylib\BLE_v3_61\Library\gccCyBLEStack_BLE_SOC_PERIPHERAL.a(BT_os.o)
                0x0000390c                BT_alloc_mem_ext

i.BT_free_mem   0x00003948        0xc
 i.BT_free_mem  0x00003948        0xc ..\..\4.2\Downloads ( 4.2).cylib\BLE_v3_61\Library\gccCyBLEStack_BLE_SOC_PERIPHERAL.a(BT_os.o)
                0x00003948                BT_free_mem

i.bt_stack_create_buffer_pool
                0x00003954       0x30
 i.bt_stack_create_buffer_pool
                0x00003954       0x30 ..\..\4.2\Downloads ( 4.2).cylib\BLE_v3_61\Library\gccCyBLEStack_BLE_SOC_PERIPHERAL.a(BT_os.o)
                0x00003954                bt_stack_create_buffer_pool

i.BT_start_timer
                0x00003984       0xa8
 i.BT_start_timer
                0x00003984       0xa8 ..\..\4.2\Downloads ( 4.2).cylib\BLE_v3_61\Library\gccCyBLEStack_BLE_SOC_PERIPHERAL.a(BT_timer.o)
                0x00003984                BT_start_timer

i.BT_stop_timer
                0x00003a2c       0x64
 i.BT_stop_timer
                0x00003a2c       0x64 ..\..\4.2\Downloads ( 4.2).cylib\BLE_v3_61\Library\gccCyBLEStack_BLE_SOC_PERIPHERAL.a(BT_timer.o)
                0x00003a2c                BT_stop_timer

i.BT_timer_process_signals
                0x00003a90       0xa4
 i.BT_timer_process_signals
                0x00003a90       0xa4 ..\..\4.2\Downloads ( 4.2).cylib\BLE_v3_61\Library\gccCyBLEStack_BLE_SOC_PERIPHERAL.a(BT_timer.o)
                0x00003a90                BT_timer_process_signals

i.pf_timer_handle_callback
                0x00003b34       0x20
 i.pf_timer_handle_callback
                0x00003b34       0x20 ..\..\4.2\Downloads ( 4.2).cylib\BLE_v3_61\Library\gccCyBLEStack_BLE_SOC_PERIPHERAL.a(BT_timer.o)
                0x00003b34                pf_timer_handle_callback

i.timer_active_entity
                0x00003b54       0x24
 i.timer_active_entity
                0x00003b54       0x24 ..\..\4.2\Downloads ( 4.2).cylib\BLE_v3_61\Library\gccCyBLEStack_BLE_SOC_PERIPHERAL.a(BT_timer.o)
                0x00003b54                timer_active_entity

i.timer_alloc_entity
                0x00003b78       0x1c
 i.timer_alloc_entity
                0x00003b78       0x1c ..\..\4.2\Downloads ( 4.2).cylib\BLE_v3_61\Library\gccCyBLEStack_BLE_SOC_PERIPHERAL.a(BT_timer.o)
                0x00003b78                timer_alloc_entity

i.timer_allocated_entity
                0x00003b94       0x34
 i.timer_allocated_entity
                0x00003b94       0x34 ..\..\4.2\Downloads ( 4.2).cylib\BLE_v3_61\Library\gccCyBLEStack_BLE_SOC_PERIPHERAL.a(BT_timer.o)
                0x00003b94                timer_allocated_entity

i.timer_bt_init
                0x00003bc8        0x2
 i.timer_bt_init
                0x00003bc8        0x2 ..\..\4.2\Downloads ( 4.2).cylib\BLE_v3_61\Library\gccCyBLEStack_BLE_SOC_PERIPHERAL.a(BT_timer.o)
                0x00003bc8                timer_bt_init

i.timer_init    0x00003bcc       0x28
 i.timer_init   0x00003bcc       0x28 ..\..\4.2\Downloads ( 4.2).cylib\BLE_v3_61\Library\gccCyBLEStack_BLE_SOC_PERIPHERAL.a(BT_timer.o)
                0x00003bcc                timer_init

i.timer_update_offsets
                0x00003bf4       0x2c
 i.timer_update_offsets
                0x00003bf4       0x2c ..\..\4.2\Downloads ( 4.2).cylib\BLE_v3_61\Library\gccCyBLEStack_BLE_SOC_PERIPHERAL.a(BT_timer.o)

i.CyBle_CheckBleStackTaskStatus
                0x00003c20        0x4
 i.CyBle_CheckBleStackTaskStatus
                0x00003c20        0x4 ..\..\4.2\Downloads ( 4.2).cylib\BLE_v3_61\Library\gccCyBLEStack_BLE_SOC_PERIPHERAL.a(CyBleStackMgr_StackTaskHandler.o)
                0x00003c20                CyBle_CheckBleStackTaskStatus

i.CyBle_CreateBleStackTask
                0x00003c24       0x2c
 i.CyBle_CreateBleStackTask
                0x00003c24       0x2c ..\..\4.2\Downloads ( 4.2).cylib\BLE_v3_61\Library\gccCyBLEStack_BLE_SOC_PERIPHERAL.a(CyBleStackMgr_StackTaskHandler.o)
                0x00003c24                CyBle_CreateBleStackTask

i.CyBle_SignalBleStackTask
                0x00003c50       0x50
 i.CyBle_SignalBleStackTask
                0x00003c50       0x50 ..\..\4.2\Downloads ( 4.2).cylib\BLE_v3_61\Library\gccCyBLEStack_BLE_SOC_PERIPHERAL.a(CyBleStackMgr_StackTaskHandler.o)
                0x00003c50                CyBle_SignalBleStackTask

i.CyBle_StackTaskHandler
                0x00003ca0       0x64
 i.CyBle_StackTaskHandler
                0x00003ca0       0x64 ..\..\4.2\Downloads ( 4.2).cylib\BLE_v3_61\Library\gccCyBLEStack_BLE_SOC_PERIPHERAL.a(CyBleStackMgr_StackTaskHandler.o)
                0x00003ca0                CyBle_StackTaskHandler

i.hci_soft_transport_notify_data_received
                0x00003d04        0xc
 i.hci_soft_transport_notify_data_received
                0x00003d04        0xc ..\..\4.2\Downloads ( 4.2).cylib\BLE_v3_61\Library\gccCyBLEStack_BLE_SOC_PERIPHERAL.a(transport_sf.o)
                0x00003d04                hci_soft_transport_notify_data_received

i.hci_soft_transport_rx_data
                0x00003d10       0x40
 i.hci_soft_transport_rx_data
                0x00003d10       0x40 ..\..\4.2\Downloads ( 4.2).cylib\BLE_v3_61\Library\gccCyBLEStack_BLE_SOC_PERIPHERAL.a(transport_sf.o)
                0x00003d10                hci_soft_transport_rx_data

i.hci_transport_bt_init
                0x00003d50        0x2
 i.hci_transport_bt_init
                0x00003d50        0x2 ..\..\4.2\Downloads ( 4.2).cylib\BLE_v3_61\Library\gccCyBLEStack_BLE_SOC_PERIPHERAL.a(transport_sf.o)
                0x00003d50                hci_transport_bt_init

i.hci_transport_init
                0x00003d54       0x10
 i.hci_transport_init
                0x00003d54       0x10 ..\..\4.2\Downloads ( 4.2).cylib\BLE_v3_61\Library\gccCyBLEStack_BLE_SOC_PERIPHERAL.a(transport_sf.o)
                0x00003d54                hci_transport_init

i.hci_transport_write_data
                0x00003d64       0xd4
 i.hci_transport_write_data
                0x00003d64       0xd4 ..\..\4.2\Downloads ( 4.2).cylib\BLE_v3_61\Library\gccCyBLEStack_BLE_SOC_PERIPHERAL.a(transport_sf.o)
                0x00003d64                hci_transport_write_data

i.pf_hci_soft_transport_write
                0x00003e38       0x44
 i.pf_hci_soft_transport_write
                0x00003e38       0x44 ..\..\4.2\Downloads ( 4.2).cylib\BLE_v3_61\Library\gccCyBLEStack_BLE_SOC_PERIPHERAL.a(transport_sf.o)
                0x00003e38                pf_hci_soft_transport_write

i.pf_soft_hci_transport_init
                0x00003e7c        0xc
 i.pf_soft_hci_transport_init
                0x00003e7c        0xc ..\..\4.2\Downloads ( 4.2).cylib\BLE_v3_61\Library\gccCyBLEStack_BLE_SOC_PERIPHERAL.a(transport_sf.o)
                0x00003e7c                pf_soft_hci_transport_init

i.CyBleStackMgr_GetTime
                0x00003e88       0x14
 i.CyBleStackMgr_GetTime
                0x00003e88       0x14 ..\..\4.2\Downloads ( 4.2).cylib\BLE_v3_61\Library\gccCyBLEStack_BLE_SOC_PERIPHERAL.a(CyBleStackMgr_PSoCHal.o)
                0x00003e88                CyBleStackMgr_GetTime

i.CyBleStackMgr_HalInit
                0x00003e9c       0x24
 i.CyBleStackMgr_HalInit
                0x00003e9c       0x24 ..\..\4.2\Downloads ( 4.2).cylib\BLE_v3_61\Library\gccCyBLEStack_BLE_SOC_PERIPHERAL.a(CyBleStackMgr_PSoCHal.o)
                0x00003e9c                CyBleStackMgr_HalInit

i.CyBleStackMgr_HalIntrEnable
                0x00003ec0        0x8
 i.CyBleStackMgr_HalIntrEnable
                0x00003ec0        0x8 ..\..\4.2\Downloads ( 4.2).cylib\BLE_v3_61\Library\gccCyBLEStack_BLE_SOC_PERIPHERAL.a(CyBleStackMgr_PSoCHal.o)
                0x00003ec0                CyBleStackMgr_HalIntrEnable

i.CyBleStackMgr_HandleLinkLayerTick
                0x00003ec8       0x5c
 i.CyBleStackMgr_HandleLinkLayerTick
                0x00003ec8       0x5c ..\..\4.2\Downloads ( 4.2).cylib\BLE_v3_61\Library\gccCyBLEStack_BLE_SOC_PERIPHERAL.a(CyBleStackMgr_PSoCHal.o)
                0x00003ec8                CyBleStackMgr_HandleLinkLayerTick

i.CyBleStackMgr_HciPortInit
                0x00003f24        0xc
 i.CyBleStackMgr_HciPortInit
                0x00003f24        0xc ..\..\4.2\Downloads ( 4.2).cylib\BLE_v3_61\Library\gccCyBLEStack_BLE_SOC_PERIPHERAL.a(CyBleStackMgr_PSoCHal.o)
                0x00003f24                CyBleStackMgr_HciPortInit

i.CyBleStackMgr_HciPortReset
                0x00003f30        0x2
 i.CyBleStackMgr_HciPortReset
                0x00003f30        0x2 ..\..\4.2\Downloads ( 4.2).cylib\BLE_v3_61\Library\gccCyBLEStack_BLE_SOC_PERIPHERAL.a(CyBleStackMgr_PSoCHal.o)
                0x00003f30                CyBleStackMgr_HciPortReset

i.CyBleStackMgr_HciPortWrite
                0x00003f32        0x8
 i.CyBleStackMgr_HciPortWrite
                0x00003f32        0x8 ..\..\4.2\Downloads ( 4.2).cylib\BLE_v3_61\Library\gccCyBLEStack_BLE_SOC_PERIPHERAL.a(CyBleStackMgr_PSoCHal.o)
                0x00003f32                CyBleStackMgr_HciPortWrite

i.CyBleStackMgr_ResetLinkLayerTimerEntity
                0x00003f3c       0x14
 i.CyBleStackMgr_ResetLinkLayerTimerEntity
                0x00003f3c       0x14 ..\..\4.2\Downloads ( 4.2).cylib\BLE_v3_61\Library\gccCyBLEStack_BLE_SOC_PERIPHERAL.a(CyBleStackMgr_PSoCHal.o)
                0x00003f3c                CyBleStackMgr_ResetLinkLayerTimerEntity

i.CyBleStackMgr_TimerStart
                0x00003f50       0x2c
 i.CyBleStackMgr_TimerStart
                0x00003f50       0x2c ..\..\4.2\Downloads ( 4.2).cylib\BLE_v3_61\Library\gccCyBLEStack_BLE_SOC_PERIPHERAL.a(CyBleStackMgr_PSoCHal.o)
                0x00003f50                CyBleStackMgr_TimerStart

i.CyBleStackMgr_TimerStop
                0x00003f7c       0x18
 i.CyBleStackMgr_TimerStop
                0x00003f7c       0x18 ..\..\4.2\Downloads ( 4.2).cylib\BLE_v3_61\Library\gccCyBLEStack_BLE_SOC_PERIPHERAL.a(CyBleStackMgr_PSoCHal.o)
                0x00003f7c                CyBleStackMgr_TimerStop

i.CyBleStackMgr_isTimerRunning
                0x00003f94       0x10
 i.CyBleStackMgr_isTimerRunning
                0x00003f94       0x10 ..\..\4.2\Downloads ( 4.2).cylib\BLE_v3_61\Library\gccCyBLEStack_BLE_SOC_PERIPHERAL.a(CyBleStackMgr_PSoCHal.o)
                0x00003f94                CyBleStackMgr_isTimerRunning

i.CyBleAtlantisRadioInit
                0x00003fa4      0x168
 i.CyBleAtlantisRadioInit
                0x00003fa4      0x168 ..\..\4.2\Downloads ( 4.2).cylib\BLE_v3_61\Library\gccCyBLEStack_BLE_SOC_PERIPHERAL.a(CyBleStackMgr_BleSSDriver.o)

i.CyBleStackMgr_BleSSFifoRead
                0x0000410c       0x38
 i.CyBleStackMgr_BleSSFifoRead
                0x0000410c       0x38 ..\..\4.2\Downloads ( 4.2).cylib\BLE_v3_61\Library\gccCyBLEStack_BLE_SOC_PERIPHERAL.a(CyBleStackMgr_BleSSDriver.o)
                0x0000410c                CyBleStackMgr_BleSSFifoRead

i.CyBleStackMgr_BleSSFifoWrite
                0x00004144       0x30
 i.CyBleStackMgr_BleSSFifoWrite
                0x00004144       0x30 ..\..\4.2\Downloads ( 4.2).cylib\BLE_v3_61\Library\gccCyBLEStack_BLE_SOC_PERIPHERAL.a(CyBleStackMgr_BleSSDriver.o)
                0x00004144                CyBleStackMgr_BleSSFifoWrite

i.CyBleStackMgr_BleSSInit
                0x00004174       0x50
 i.CyBleStackMgr_BleSSInit
                0x00004174       0x50 ..\..\4.2\Downloads ( 4.2).cylib\BLE_v3_61\Library\gccCyBLEStack_BLE_SOC_PERIPHERAL.a(CyBleStackMgr_BleSSDriver.o)
                0x00004174                CyBleStackMgr_BleSSInit

i.CyBleStackMgr_BleSSMemRead
                0x000041c4       0x32
 i.CyBleStackMgr_BleSSMemRead
                0x000041c4       0x32 ..\..\4.2\Downloads ( 4.2).cylib\BLE_v3_61\Library\gccCyBLEStack_BLE_SOC_PERIPHERAL.a(CyBleStackMgr_BleSSDriver.o)
                0x000041c4                CyBleStackMgr_BleSSMemRead

i.CyBleStackMgr_BleSSMemWrite
                0x000041f8       0x34
 i.CyBleStackMgr_BleSSMemWrite
                0x000041f8       0x34 ..\..\4.2\Downloads ( 4.2).cylib\BLE_v3_61\Library\gccCyBLEStack_BLE_SOC_PERIPHERAL.a(CyBleStackMgr_BleSSDriver.o)
                0x000041f8                CyBleStackMgr_BleSSMemWrite

i.CyBleStackMgr_BleSSMemWriteFields
                0x0000422c       0x78
 i.CyBleStackMgr_BleSSMemWriteFields
                0x0000422c       0x78 ..\..\4.2\Downloads ( 4.2).cylib\BLE_v3_61\Library\gccCyBLEStack_BLE_SOC_PERIPHERAL.a(CyBleStackMgr_BleSSDriver.o)
                0x0000422c                CyBleStackMgr_BleSSMemWriteFields

i.CyBleStackMgr_BleSSRegRead
                0x000042a4        0xc
 i.CyBleStackMgr_BleSSRegRead
                0x000042a4        0xc ..\..\4.2\Downloads ( 4.2).cylib\BLE_v3_61\Library\gccCyBLEStack_BLE_SOC_PERIPHERAL.a(CyBleStackMgr_BleSSDriver.o)
                0x000042a4                CyBleStackMgr_BleSSRegRead

i.CyBleStackMgr_BleSSReset
                0x000042b0       0x38
 i.CyBleStackMgr_BleSSReset
                0x000042b0       0x38 ..\..\4.2\Downloads ( 4.2).cylib\BLE_v3_61\Library\gccCyBLEStack_BLE_SOC_PERIPHERAL.a(CyBleStackMgr_BleSSDriver.o)
                0x000042b0                CyBleStackMgr_BleSSReset

i.CyBleStackMgr_GenericIface
                0x000042e8       0x3c
 i.CyBleStackMgr_GenericIface
                0x000042e8       0x3c ..\..\4.2\Downloads ( 4.2).cylib\BLE_v3_61\Library\gccCyBLEStack_BLE_SOC_PERIPHERAL.a(CyBleStackMgr_BleSSDriver.o)
                0x000042e8                CyBleStackMgr_GenericIface

i.CyBleStackMgr_HandleBleSSIntr
                0x00004324       0xa0
 i.CyBleStackMgr_HandleBleSSIntr
                0x00004324       0xa0 ..\..\4.2\Downloads ( 4.2).cylib\BLE_v3_61\Library\gccCyBLEStack_BLE_SOC_PERIPHERAL.a(CyBleStackMgr_BleSSDriver.o)
                0x00004324                CyBleStackMgr_HandleBleSSIntr

i.CyBleStackMgr_SetClockParam
                0x000043c4       0xb4
 i.CyBleStackMgr_SetClockParam
                0x000043c4       0xb4 ..\..\4.2\Downloads ( 4.2).cylib\BLE_v3_61\Library\gccCyBLEStack_BLE_SOC_PERIPHERAL.a(CyBleStackMgr_BleSSDriver.o)

i.CyBle_ExitDsmMode
                0x00004478       0x2c
 i.CyBle_ExitDsmMode
                0x00004478       0x2c ..\..\4.2\Downloads ( 4.2).cylib\BLE_v3_61\Library\gccCyBLEStack_BLE_SOC_PERIPHERAL.a(CyBleStackMgr_BleSSDriver.o)
                0x00004478                CyBle_ExitDsmMode

i.CyBle_GetBleSsOperationalMode
                0x000044a4        0xc
 i.CyBle_GetBleSsOperationalMode
                0x000044a4        0xc ..\..\4.2\Downloads ( 4.2).cylib\BLE_v3_61\Library\gccCyBLEStack_BLE_SOC_PERIPHERAL.a(CyBleStackMgr_BleSSDriver.o)
                0x000044a4                CyBle_GetBleSsOperationalMode

i.CyBle_GetLpMode
                0x000044b0       0x26
 i.CyBle_GetLpMode
                0x000044b0       0x26 ..\..\4.2\Downloads ( 4.2).cylib\BLE_v3_61\Library\gccCyBLEStack_BLE_SOC_PERIPHERAL.a(CyBleStackMgr_BleSSDriver.o)
                0x000044b0                CyBle_GetLpMode

i.CyBle_GetTxGainMode
                0x000044d8       0x2c
 i.CyBle_GetTxGainMode
                0x000044d8       0x2c ..\..\4.2\Downloads ( 4.2).cylib\BLE_v3_61\Library\gccCyBLEStack_BLE_SOC_PERIPHERAL.a(CyBleStackMgr_BleSSDriver.o)
                0x000044d8                CyBle_GetTxGainMode

i.CyBle_SetBleSsOperationalMode
                0x00004504       0x20
 i.CyBle_SetBleSsOperationalMode
                0x00004504       0x20 ..\..\4.2\Downloads ( 4.2).cylib\BLE_v3_61\Library\gccCyBLEStack_BLE_SOC_PERIPHERAL.a(CyBleStackMgr_BleSSDriver.o)
                0x00004504                CyBle_SetBleSsOperationalMode

i.CyBle_SetEventCloseState
                0x00004524        0xc
 i.CyBle_SetEventCloseState
                0x00004524        0xc ..\..\4.2\Downloads ( 4.2).cylib\BLE_v3_61\Library\gccCyBLEStack_BLE_SOC_PERIPHERAL.a(CyBleStackMgr_BleSSDriver.o)
                0x00004524                CyBle_SetEventCloseState

i.CyBle_SetRxGainMode
                0x00004530       0x20
 i.CyBle_SetRxGainMode
                0x00004530       0x20 ..\..\4.2\Downloads ( 4.2).cylib\BLE_v3_61\Library\gccCyBLEStack_BLE_SOC_PERIPHERAL.a(CyBleStackMgr_BleSSDriver.o)
                0x00004530                CyBle_SetRxGainMode

i.CyBle_SetTxGainMode
                0x00004550       0x38
 i.CyBle_SetTxGainMode
                0x00004550       0x38 ..\..\4.2\Downloads ( 4.2).cylib\BLE_v3_61\Library\gccCyBLEStack_BLE_SOC_PERIPHERAL.a(CyBleStackMgr_BleSSDriver.o)
                0x00004550                CyBle_SetTxGainMode

i.pf_rf_get_abs_rssi
                0x00004588       0x50
 i.pf_rf_get_abs_rssi
                0x00004588       0x50 ..\..\4.2\Downloads ( 4.2).cylib\BLE_v3_61\Library\gccCyBLEStack_BLE_SOC_PERIPHERAL.a(CyBleStackMgr_BleSSDriver.o)
                0x00004588                pf_rf_get_abs_rssi

i.BleStackFlashStorageInit
                0x000045d8       0x84
 i.BleStackFlashStorageInit
                0x000045d8       0x84 ..\..\4.2\Downloads ( 4.2).cylib\BLE_v3_61\Library\gccCyBLEStack_BLE_SOC_PERIPHERAL.a(storage_pl.o)
                0x000045d8                BleStackFlashStorageInit

i.BleStackIsFlashCorrupted
                0x0000465c       0x3c
 i.BleStackIsFlashCorrupted
                0x0000465c       0x3c ..\..\4.2\Downloads ( 4.2).cylib\BLE_v3_61\Library\gccCyBLEStack_BLE_SOC_PERIPHERAL.a(storage_pl.o)
                0x0000465c                BleStackIsFlashCorrupted

i.BleStackWriteToFlashPending
                0x00004698       0x24
 i.BleStackWriteToFlashPending
                0x00004698       0x24 ..\..\4.2\Downloads ( 4.2).cylib\BLE_v3_61\Library\gccCyBLEStack_BLE_SOC_PERIPHERAL.a(storage_pl.o)
                0x00004698                BleStackWriteToFlashPending

i.BleStackWriteToFlashRam
                0x000046bc       0x7c
 i.BleStackWriteToFlashRam
                0x000046bc       0x7c ..\..\4.2\Downloads ( 4.2).cylib\BLE_v3_61\Library\gccCyBLEStack_BLE_SOC_PERIPHERAL.a(storage_pl.o)
                0x000046bc                BleStackWriteToFlashRam

i.calc_checksum
                0x00004738       0x1a
 i.calc_checksum
                0x00004738       0x1a ..\..\4.2\Downloads ( 4.2).cylib\BLE_v3_61\Library\gccCyBLEStack_BLE_SOC_PERIPHERAL.a(storage_pl.o)
                0x00004738                calc_checksum

i.storage_bt_init_pl
                0x00004754       0x30
 i.storage_bt_init_pl
                0x00004754       0x30 ..\..\4.2\Downloads ( 4.2).cylib\BLE_v3_61\Library\gccCyBLEStack_BLE_SOC_PERIPHERAL.a(storage_pl.o)
                0x00004754                storage_bt_init_pl

i.storage_close_pl
                0x00004784        0x4
 i.storage_close_pl
                0x00004784        0x4 ..\..\4.2\Downloads ( 4.2).cylib\BLE_v3_61\Library\gccCyBLEStack_BLE_SOC_PERIPHERAL.a(storage_pl.o)
                0x00004784                storage_close_pl

i.storage_open_pl
                0x00004788       0x1c
 i.storage_open_pl
                0x00004788       0x1c ..\..\4.2\Downloads ( 4.2).cylib\BLE_v3_61\Library\gccCyBLEStack_BLE_SOC_PERIPHERAL.a(storage_pl.o)
                0x00004788                storage_open_pl

i.storage_read_pl
                0x000047a4       0x28
 i.storage_read_pl
                0x000047a4       0x28 ..\..\4.2\Downloads ( 4.2).cylib\BLE_v3_61\Library\gccCyBLEStack_BLE_SOC_PERIPHERAL.a(storage_pl.o)
                0x000047a4                storage_read_pl

i.storage_read_signature_pl
                0x000047cc       0x2c
 i.storage_read_signature_pl
                0x000047cc       0x2c ..\..\4.2\Downloads ( 4.2).cylib\BLE_v3_61\Library\gccCyBLEStack_BLE_SOC_PERIPHERAL.a(storage_pl.o)
                0x000047cc                storage_read_signature_pl

i.storage_register_flash_pointer
                0x000047f8       0x20
 i.storage_register_flash_pointer
                0x000047f8       0x20 ..\..\4.2\Downloads ( 4.2).cylib\BLE_v3_61\Library\gccCyBLEStack_BLE_SOC_PERIPHERAL.a(storage_pl.o)
                0x000047f8                storage_register_flash_pointer

i.storage_reset_storage_offset
                0x00004818       0x10
 i.storage_reset_storage_offset
                0x00004818       0x10 ..\..\4.2\Downloads ( 4.2).cylib\BLE_v3_61\Library\gccCyBLEStack_BLE_SOC_PERIPHERAL.a(storage_pl.o)

i.storage_write_pl
                0x00004828       0x24
 i.storage_write_pl
                0x00004828       0x24 ..\..\4.2\Downloads ( 4.2).cylib\BLE_v3_61\Library\gccCyBLEStack_BLE_SOC_PERIPHERAL.a(storage_pl.o)
                0x00004828                storage_write_pl

i.storage_write_signature_pl
                0x0000484c       0x14
 i.storage_write_signature_pl
                0x0000484c       0x14 ..\..\4.2\Downloads ( 4.2).cylib\BLE_v3_61\Library\gccCyBLEStack_BLE_SOC_PERIPHERAL.a(storage_pl.o)
                0x0000484c                storage_write_signature_pl

i.OS_init       0x00004860       0x64
 i.OS_init      0x00004860       0x64 ..\..\4.2\Downloads ( 4.2).cylib\BLE_v3_61\Library\gccCyBLEStack_BLE_SOC_PERIPHERAL.a(mint_os.o)
                0x00004860                OS_init

i.mintos_malloc
                0x000048c4       0x34
 i.mintos_malloc
                0x000048c4       0x34 ..\..\4.2\Downloads ( 4.2).cylib\BLE_v3_61\Library\gccCyBLEStack_BLE_SOC_PERIPHERAL.a(mint_os.o)
                0x000048c4                mintos_malloc

i.OS_create_queue
                0x000048f8       0x64
 i.OS_create_queue
                0x000048f8       0x64 ..\..\4.2\Downloads ( 4.2).cylib\BLE_v3_61\Library\gccCyBLEStack_BLE_SOC_PERIPHERAL.a(mint_os_queue.o)
                0x000048f8                OS_create_queue

i.OS_enqueue_item
                0x0000495c       0x8c
 i.OS_enqueue_item
                0x0000495c       0x8c ..\..\4.2\Downloads ( 4.2).cylib\BLE_v3_61\Library\gccCyBLEStack_BLE_SOC_PERIPHERAL.a(mint_os_queue.o)
                0x0000495c                OS_enqueue_item

i.OS_queue_get_num_of_items
                0x000049e8       0x28
 i.OS_queue_get_num_of_items
                0x000049e8       0x28 ..\..\4.2\Downloads ( 4.2).cylib\BLE_v3_61\Library\gccCyBLEStack_BLE_SOC_PERIPHERAL.a(mint_os_queue.o)
                0x000049e8                OS_queue_get_num_of_items

i.OS_queue_mgmt_init
                0x00004a10       0x40
 i.OS_queue_mgmt_init
                0x00004a10       0x40 ..\..\4.2\Downloads ( 4.2).cylib\BLE_v3_61\Library\gccCyBLEStack_BLE_SOC_PERIPHERAL.a(mint_os_queue.o)
                0x00004a10                OS_queue_mgmt_init

i.OS_remove_item
                0x00004a50       0xa0
 i.OS_remove_item
                0x00004a50       0xa0 ..\..\4.2\Downloads ( 4.2).cylib\BLE_v3_61\Library\gccCyBLEStack_BLE_SOC_PERIPHERAL.a(mint_os_queue.o)
                0x00004a50                OS_remove_item

i.OS_create_task
                0x00004af0       0x88
 i.OS_create_task
                0x00004af0       0x88 ..\..\4.2\Downloads ( 4.2).cylib\BLE_v3_61\Library\gccCyBLEStack_BLE_SOC_PERIPHERAL.a(mint_os_task.o)
                0x00004af0                OS_create_task

i.OS_isr_send_signal_to_task
                0x00004b78        0xc
 i.OS_isr_send_signal_to_task
                0x00004b78        0xc ..\..\4.2\Downloads ( 4.2).cylib\BLE_v3_61\Library\gccCyBLEStack_BLE_SOC_PERIPHERAL.a(mint_os_task.o)
                0x00004b78                OS_isr_send_signal_to_task

i.OS_scheduler  0x00004b84       0x64
 i.OS_scheduler
                0x00004b84       0x64 ..\..\4.2\Downloads ( 4.2).cylib\BLE_v3_61\Library\gccCyBLEStack_BLE_SOC_PERIPHERAL.a(mint_os_task.o)
                0x00004b84                OS_scheduler

i.OS_send_signal_to_task
                0x00004be8        0xc
 i.OS_send_signal_to_task
                0x00004be8        0xc ..\..\4.2\Downloads ( 4.2).cylib\BLE_v3_61\Library\gccCyBLEStack_BLE_SOC_PERIPHERAL.a(mint_os_task.o)
                0x00004be8                OS_send_signal_to_task

i.OS_send_signal_to_task_context
                0x00004bf4       0x3c
 i.OS_send_signal_to_task_context
                0x00004bf4       0x3c ..\..\4.2\Downloads ( 4.2).cylib\BLE_v3_61\Library\gccCyBLEStack_BLE_SOC_PERIPHERAL.a(mint_os_task.o)

i.OS_task_mgmt_init
                0x00004c30       0x50
 i.OS_task_mgmt_init
                0x00004c30       0x50 ..\..\4.2\Downloads ( 4.2).cylib\BLE_v3_61\Library\gccCyBLEStack_BLE_SOC_PERIPHERAL.a(mint_os_task.o)
                0x00004c30                OS_task_mgmt_init

i.mint_buf_mgmt_allocate_buffer
                0x00004c80       0x4c
 i.mint_buf_mgmt_allocate_buffer
                0x00004c80       0x4c ..\..\4.2\Downloads ( 4.2).cylib\BLE_v3_61\Library\gccCyBLEStack_BLE_SOC_PERIPHERAL.a(mint_buf_mgmt.o)
                0x00004c80                mint_buf_mgmt_allocate_buffer

i.mint_buf_mgmt_create_pool
                0x00004ccc       0xd0
 i.mint_buf_mgmt_create_pool
                0x00004ccc       0xd0 ..\..\4.2\Downloads ( 4.2).cylib\BLE_v3_61\Library\gccCyBLEStack_BLE_SOC_PERIPHERAL.a(mint_buf_mgmt.o)
                0x00004ccc                mint_buf_mgmt_create_pool

i.mint_buf_mgmt_free_buffer
                0x00004d9c       0xa4
 i.mint_buf_mgmt_free_buffer
                0x00004d9c       0xa4 ..\..\4.2\Downloads ( 4.2).cylib\BLE_v3_61\Library\gccCyBLEStack_BLE_SOC_PERIPHERAL.a(mint_buf_mgmt.o)
                0x00004d9c                mint_buf_mgmt_free_buffer

i.mint_buf_mgmt_init
                0x00004e40       0x44
 i.mint_buf_mgmt_init
                0x00004e40       0x44 ..\..\4.2\Downloads ( 4.2).cylib\BLE_v3_61\Library\gccCyBLEStack_BLE_SOC_PERIPHERAL.a(mint_buf_mgmt.o)
                0x00004e40                mint_buf_mgmt_init

i.mint_buf_mgmt_malloc
                0x00004e84       0x28
 i.mint_buf_mgmt_malloc
                0x00004e84       0x28 ..\..\4.2\Downloads ( 4.2).cylib\BLE_v3_61\Library\gccCyBLEStack_BLE_SOC_PERIPHERAL.a(mint_buf_mgmt.o)
                0x00004e84                mint_buf_mgmt_malloc

i.mint_buf_mgmt_pl_init
                0x00004eac       0x48
 i.mint_buf_mgmt_pl_init
                0x00004eac       0x48 ..\..\4.2\Downloads ( 4.2).cylib\BLE_v3_61\Library\gccCyBLEStack_BLE_SOC_PERIPHERAL.a(mint_buf_mgmt.o)
                0x00004eac                mint_buf_mgmt_pl_init

i.mint_buf_mgmt_reset_pool
                0x00004ef4       0x70
 i.mint_buf_mgmt_reset_pool
                0x00004ef4       0x70 ..\..\4.2\Downloads ( 4.2).cylib\BLE_v3_61\Library\gccCyBLEStack_BLE_SOC_PERIPHERAL.a(mint_buf_mgmt.o)
                0x00004ef4                mint_buf_mgmt_reset_pool

i.mint_buf_mgmt_stack_init
                0x00004f64       0x24
 i.mint_buf_mgmt_stack_init
                0x00004f64       0x24 ..\..\4.2\Downloads ( 4.2).cylib\BLE_v3_61\Library\gccCyBLEStack_BLE_SOC_PERIPHERAL.a(mint_buf_mgmt.o)
                0x00004f64                mint_buf_mgmt_stack_init

i.mint_buf_mgmt_stack_pop
                0x00004f88       0x36
 i.mint_buf_mgmt_stack_pop
                0x00004f88       0x36 ..\..\4.2\Downloads ( 4.2).cylib\BLE_v3_61\Library\gccCyBLEStack_BLE_SOC_PERIPHERAL.a(mint_buf_mgmt.o)
                0x00004f88                mint_buf_mgmt_stack_pop

i.mint_buf_mgmt_stack_push
                0x00004fbe       0x36
 i.mint_buf_mgmt_stack_push
                0x00004fbe       0x36 ..\..\4.2\Downloads ( 4.2).cylib\BLE_v3_61\Library\gccCyBLEStack_BLE_SOC_PERIPHERAL.a(mint_buf_mgmt.o)
                0x00004fbe                mint_buf_mgmt_stack_push

i.mint_buf_mgmt_stack_reset
                0x00004ff4       0x1e
 i.mint_buf_mgmt_stack_reset
                0x00004ff4       0x1e ..\..\4.2\Downloads ( 4.2).cylib\BLE_v3_61\Library\gccCyBLEStack_BLE_SOC_PERIPHERAL.a(mint_buf_mgmt.o)
                0x00004ff4                mint_buf_mgmt_stack_reset

i.mint_buf_mgmt_stack_search_item
                0x00005012       0x30
 i.mint_buf_mgmt_stack_search_item
                0x00005012       0x30 ..\..\4.2\Downloads ( 4.2).cylib\BLE_v3_61\Library\gccCyBLEStack_BLE_SOC_PERIPHERAL.a(mint_buf_mgmt.o)
                0x00005012                mint_buf_mgmt_stack_search_item

i.CyBleControllerIP_GetPingState
                0x00005044        0xc
 i.CyBleControllerIP_GetPingState
                0x00005044        0xc ..\..\4.2\Downloads ( 4.2).cylib\BLE_v3_61\Library\gccCyBLEStack_BLE_SOC_PERIPHERAL.a(CyBleControllerIP_Interface.o)
                0x00005044                CyBleControllerIP_GetPingState

i.CyBleController_AddDeviceToWhiteList
                0x00005050       0x48
 i.CyBleController_AddDeviceToWhiteList
                0x00005050       0x48 ..\..\4.2\Downloads ( 4.2).cylib\BLE_v3_61\Library\gccCyBLEStack_BLE_SOC_PERIPHERAL.a(CyBleControllerIP_Interface.o)
                0x00005050                CyBleController_AddDeviceToWhiteList

i.CyBleController_EnableDefaultDevicePrivacy
                0x00005098        0xc
 i.CyBleController_EnableDefaultDevicePrivacy
                0x00005098        0xc ..\..\4.2\Downloads ( 4.2).cylib\BLE_v3_61\Library\gccCyBLEStack_BLE_SOC_PERIPHERAL.a(CyBleControllerIP_Interface.o)
                0x00005098                CyBleController_EnableDefaultDevicePrivacy

i.CyBleController_ExitLowPowerMode
                0x000050a4       0x10
 i.CyBleController_ExitLowPowerMode
                0x000050a4       0x10 ..\..\4.2\Downloads ( 4.2).cylib\BLE_v3_61\Library\gccCyBLEStack_BLE_SOC_PERIPHERAL.a(CyBleControllerIP_Interface.o)
                0x000050a4                CyBleController_ExitLowPowerMode

i.CyBleController_GetDeviceAddress
                0x000050b4       0x22
 i.CyBleController_GetDeviceAddress
                0x000050b4       0x22 ..\..\4.2\Downloads ( 4.2).cylib\BLE_v3_61\Library\gccCyBLEStack_BLE_SOC_PERIPHERAL.a(CyBleControllerIP_Interface.o)
                0x000050b4                CyBleController_GetDeviceAddress

i.CyBleController_GetDleHeapMemory
                0x000050d6       0x10
 i.CyBleController_GetDleHeapMemory
                0x000050d6       0x10 ..\..\4.2\Downloads ( 4.2).cylib\BLE_v3_61\Library\gccCyBLEStack_BLE_SOC_PERIPHERAL.a(CyBleControllerIP_Interface.o)
                0x000050d6                CyBleController_GetDleHeapMemory

i.CyBleController_GetPrivacyHeapMemory
                0x000050e8       0x1c
 i.CyBleController_GetPrivacyHeapMemory
                0x000050e8       0x1c ..\..\4.2\Downloads ( 4.2).cylib\BLE_v3_61\Library\gccCyBLEStack_BLE_SOC_PERIPHERAL.a(CyBleControllerIP_Interface.o)
                0x000050e8                CyBleController_GetPrivacyHeapMemory

i.CyBleController_Init
                0x00005104       0x40
 i.CyBleController_Init
                0x00005104       0x40 ..\..\4.2\Downloads ( 4.2).cylib\BLE_v3_61\Library\gccCyBLEStack_BLE_SOC_PERIPHERAL.a(CyBleControllerIP_Interface.o)
                0x00005104                CyBleController_Init

i.CyBleController_SetDeviceAddress
                0x00005144       0x2e
 i.CyBleController_SetDeviceAddress
                0x00005144       0x2e ..\..\4.2\Downloads ( 4.2).cylib\BLE_v3_61\Library\gccCyBLEStack_BLE_SOC_PERIPHERAL.a(CyBleControllerIP_Interface.o)
                0x00005144                CyBleController_SetDeviceAddress

i.CyBleController_SetDleParams
                0x00005174       0x1c
 i.CyBleController_SetDleParams
                0x00005174       0x1c ..\..\4.2\Downloads ( 4.2).cylib\BLE_v3_61\Library\gccCyBLEStack_BLE_SOC_PERIPHERAL.a(CyBleControllerIP_Interface.o)
                0x00005174                CyBleController_SetDleParams

i.CyBleController_SetLePrivacyParams
                0x00005190       0x18
 i.CyBleController_SetLePrivacyParams
                0x00005190       0x18 ..\..\4.2\Downloads ( 4.2).cylib\BLE_v3_61\Library\gccCyBLEStack_BLE_SOC_PERIPHERAL.a(CyBleControllerIP_Interface.o)
                0x00005190                CyBleController_SetLePrivacyParams

i.CyBle_GetFirmwareProgrammedDSM
                0x000051a8        0xc
 i.CyBle_GetFirmwareProgrammedDSM
                0x000051a8        0xc ..\..\4.2\Downloads ( 4.2).cylib\BLE_v3_61\Library\gccCyBLEStack_BLE_SOC_PERIPHERAL.a(CyBleControllerIP_Interface.o)
                0x000051a8                CyBle_GetFirmwareProgrammedDSM

i.CyBle_GetTxPowerLevel
                0x000051b4       0x54
 i.CyBle_GetTxPowerLevel
                0x000051b4       0x54 ..\..\4.2\Downloads ( 4.2).cylib\BLE_v3_61\Library\gccCyBLEStack_BLE_SOC_PERIPHERAL.a(CyBleControllerIP_Interface.o)
                0x000051b4                CyBle_GetTxPowerLevel

i.CyBle_SendBlessEvtoAPP
                0x00005208        0xc
 i.CyBle_SendBlessEvtoAPP
                0x00005208        0xc ..\..\4.2\Downloads ( 4.2).cylib\BLE_v3_61\Library\gccCyBLEStack_BLE_SOC_PERIPHERAL.a(CyBleControllerIP_Interface.o)
                0x00005208                CyBle_SendBlessEvtoAPP

i.CyBle_SendEventToApp
                0x00005214       0x38
 i.CyBle_SendEventToApp
                0x00005214       0x38 ..\..\4.2\Downloads ( 4.2).cylib\BLE_v3_61\Library\gccCyBLEStack_BLE_SOC_PERIPHERAL.a(CyBleControllerIP_Interface.o)
                0x00005214                CyBle_SendEventToApp

i.CyBle_SetFirmwareProgrammedDSM
                0x0000524c        0xc
 i.CyBle_SetFirmwareProgrammedDSM
                0x0000524c        0xc ..\..\4.2\Downloads ( 4.2).cylib\BLE_v3_61\Library\gccCyBLEStack_BLE_SOC_PERIPHERAL.a(CyBleControllerIP_Interface.o)
                0x0000524c                CyBle_SetFirmwareProgrammedDSM

i.CyBle_SetTxPowerLevel
                0x00005258       0x88
 i.CyBle_SetTxPowerLevel
                0x00005258       0x88 ..\..\4.2\Downloads ( 4.2).cylib\BLE_v3_61\Library\gccCyBLEStack_BLE_SOC_PERIPHERAL.a(CyBleControllerIP_Interface.o)
                0x00005258                CyBle_SetTxPowerLevel

i.ll_check_and_mark_packet_ready_for_transmission
                0x000052e0       0x44
 i.ll_check_and_mark_packet_ready_for_transmission
                0x000052e0       0x44 ..\..\4.2\Downloads ( 4.2).cylib\BLE_v3_61\Library\gccCyBLEStack_BLE_SOC_PERIPHERAL.a(ll.o)
                0x000052e0                ll_check_and_mark_packet_ready_for_transmission

i.ll_cleanup_pending_data_pdu
                0x00005324       0x44
 i.ll_cleanup_pending_data_pdu
                0x00005324       0x44 ..\..\4.2\Downloads ( 4.2).cylib\BLE_v3_61\Library\gccCyBLEStack_BLE_SOC_PERIPHERAL.a(ll.o)
                0x00005324                ll_cleanup_pending_data_pdu

i.ll_exit_low_power_mode
                0x00005368       0x84
 i.ll_exit_low_power_mode
                0x00005368       0x84 ..\..\4.2\Downloads ( 4.2).cylib\BLE_v3_61\Library\gccCyBLEStack_BLE_SOC_PERIPHERAL.a(ll.o)
                0x00005368                ll_exit_low_power_mode

i.ll_get_ack_status
                0x000053ec       0x44
 i.ll_get_ack_status
                0x000053ec       0x44 ..\..\4.2\Downloads ( 4.2).cylib\BLE_v3_61\Library\gccCyBLEStack_BLE_SOC_PERIPHERAL.a(ll.o)
                0x000053ec                ll_get_ack_status

i.ll_get_adv_ch_tx_power
                0x00005430       0x20
 i.ll_get_adv_ch_tx_power
                0x00005430       0x20 ..\..\4.2\Downloads ( 4.2).cylib\BLE_v3_61\Library\gccCyBLEStack_BLE_SOC_PERIPHERAL.a(ll.o)
                0x00005430                ll_get_adv_ch_tx_power

i.ll_get_data_channel_map
                0x00005450       0x28
 i.ll_get_data_channel_map
                0x00005450       0x28 ..\..\4.2\Downloads ( 4.2).cylib\BLE_v3_61\Library\gccCyBLEStack_BLE_SOC_PERIPHERAL.a(ll.o)
                0x00005450                ll_get_data_channel_map

i.ll_get_max_white_list_size
                0x00005478        0xc
 i.ll_get_max_white_list_size
                0x00005478        0xc ..\..\4.2\Downloads ( 4.2).cylib\BLE_v3_61\Library\gccCyBLEStack_BLE_SOC_PERIPHERAL.a(ll.o)
                0x00005478                ll_get_max_white_list_size

i.ll_get_my_role
                0x00005484        0xc
 i.ll_get_my_role
                0x00005484        0xc ..\..\4.2\Downloads ( 4.2).cylib\BLE_v3_61\Library\gccCyBLEStack_BLE_SOC_PERIPHERAL.a(ll.o)
                0x00005484                ll_get_my_role

i.ll_get_next_available_fifo_for_data_pdu
                0x00005490        0x8
 i.ll_get_next_available_fifo_for_data_pdu
                0x00005490        0x8 ..\..\4.2\Downloads ( 4.2).cylib\BLE_v3_61\Library\gccCyBLEStack_BLE_SOC_PERIPHERAL.a(ll.o)
                0x00005490                ll_get_next_available_fifo_for_data_pdu

i.ll_get_next_available_fifo_for_ll_pdu
                0x00005498       0x2c
 i.ll_get_next_available_fifo_for_ll_pdu
                0x00005498       0x2c ..\..\4.2\Downloads ( 4.2).cylib\BLE_v3_61\Library\gccCyBLEStack_BLE_SOC_PERIPHERAL.a(ll.o)
                0x00005498                ll_get_next_available_fifo_for_ll_pdu

i.ll_get_rssi_value
                0x000054c4       0x26
 i.ll_get_rssi_value
                0x000054c4       0x26 ..\..\4.2\Downloads ( 4.2).cylib\BLE_v3_61\Library\gccCyBLEStack_BLE_SOC_PERIPHERAL.a(ll.o)
                0x000054c4                ll_get_rssi_value

i.ll_get_transmit_power_level
                0x000054ec       0x2c
 i.ll_get_transmit_power_level
                0x000054ec       0x2c ..\..\4.2\Downloads ( 4.2).cylib\BLE_v3_61\Library\gccCyBLEStack_BLE_SOC_PERIPHERAL.a(ll.o)
                0x000054ec                ll_get_transmit_power_level

i.ll_handle_ack_received
                0x00005518       0x74
 i.ll_handle_ack_received
                0x00005518       0x74 ..\..\4.2\Downloads ( 4.2).cylib\BLE_v3_61\Library\gccCyBLEStack_BLE_SOC_PERIPHERAL.a(ll.o)
                0x00005518                ll_handle_ack_received

i.ll_handle_add_device_in_whitelist
                0x0000558c       0x50
 i.ll_handle_add_device_in_whitelist
                0x0000558c       0x50 ..\..\4.2\Downloads ( 4.2).cylib\BLE_v3_61\Library\gccCyBLEStack_BLE_SOC_PERIPHERAL.a(ll.o)
                0x0000558c                ll_handle_add_device_in_whitelist

i.ll_handle_clear_whitelist
                0x000055dc       0x24
 i.ll_handle_clear_whitelist
                0x000055dc       0x24 ..\..\4.2\Downloads ( 4.2).cylib\BLE_v3_61\Library\gccCyBLEStack_BLE_SOC_PERIPHERAL.a(ll.o)
                0x000055dc                ll_handle_clear_whitelist

i.ll_handle_encrypt_host_data
                0x00005600       0x36
 i.ll_handle_encrypt_host_data
                0x00005600       0x36 ..\..\4.2\Downloads ( 4.2).cylib\BLE_v3_61\Library\gccCyBLEStack_BLE_SOC_PERIPHERAL.a(ll.o)
                0x00005600                ll_handle_encrypt_host_data

i.ll_handle_host_data_packet
                0x00005638       0x9c
 i.ll_handle_host_data_packet
                0x00005638       0x9c ..\..\4.2\Downloads ( 4.2).cylib\BLE_v3_61\Library\gccCyBLEStack_BLE_SOC_PERIPHERAL.a(ll.o)
                0x00005638                ll_handle_host_data_packet

i.ll_handle_read_host_channel_map
                0x000056d4        0x4
 i.ll_handle_read_host_channel_map
                0x000056d4        0x4 ..\..\4.2\Downloads ( 4.2).cylib\BLE_v3_61\Library\gccCyBLEStack_BLE_SOC_PERIPHERAL.a(ll.o)
                0x000056d4                ll_handle_read_host_channel_map

i.ll_handle_remove_device_in_whitelist
                0x000056d8       0x38
 i.ll_handle_remove_device_in_whitelist
                0x000056d8       0x38 ..\..\4.2\Downloads ( 4.2).cylib\BLE_v3_61\Library\gccCyBLEStack_BLE_SOC_PERIPHERAL.a(ll.o)
                0x000056d8                ll_handle_remove_device_in_whitelist

i.ll_handle_reset
                0x00005710        0xe
 i.ll_handle_reset
                0x00005710        0xe ..\..\4.2\Downloads ( 4.2).cylib\BLE_v3_61\Library\gccCyBLEStack_BLE_SOC_PERIPHERAL.a(ll.o)
                0x00005710                ll_handle_reset

i.ll_handle_set_random_address
                0x0000571e       0x36
 i.ll_handle_set_random_address
                0x0000571e       0x36 ..\..\4.2\Downloads ( 4.2).cylib\BLE_v3_61\Library\gccCyBLEStack_BLE_SOC_PERIPHERAL.a(ll.o)
                0x0000571e                ll_handle_set_random_address

i.ll_init       0x00005754       0x20
 i.ll_init      0x00005754       0x20 ..\..\4.2\Downloads ( 4.2).cylib\BLE_v3_61\Library\gccCyBLEStack_BLE_SOC_PERIPHERAL.a(ll.o)
                0x00005754                ll_init

i.ll_initialize_device_attributes
                0x00005774       0xc0
 i.ll_initialize_device_attributes
                0x00005774       0xc0 ..\..\4.2\Downloads ( 4.2).cylib\BLE_v3_61\Library\gccCyBLEStack_BLE_SOC_PERIPHERAL.a(ll.o)
                0x00005774                ll_initialize_device_attributes

i.ll_is_pkt_pending
                0x00005834       0x2a
 i.ll_is_pkt_pending
                0x00005834       0x2a ..\..\4.2\Downloads ( 4.2).cylib\BLE_v3_61\Library\gccCyBLEStack_BLE_SOC_PERIPHERAL.a(ll.o)
                0x00005834                ll_is_pkt_pending

i.ll_is_sent_pkt_pending
                0x0000585e       0x1a
 i.ll_is_sent_pkt_pending
                0x0000585e       0x1a ..\..\4.2\Downloads ( 4.2).cylib\BLE_v3_61\Library\gccCyBLEStack_BLE_SOC_PERIPHERAL.a(ll.o)
                0x0000585e                ll_is_sent_pkt_pending

i.ll_isr_exit_low_power_mode
                0x00005878       0x16
 i.ll_isr_exit_low_power_mode
                0x00005878       0x16 ..\..\4.2\Downloads ( 4.2).cylib\BLE_v3_61\Library\gccCyBLEStack_BLE_SOC_PERIPHERAL.a(ll.o)
                0x00005878                ll_isr_exit_low_power_mode

i.ll_load_host_data_packet
                0x0000588e       0x3c
 i.ll_load_host_data_packet
                0x0000588e       0x3c ..\..\4.2\Downloads ( 4.2).cylib\BLE_v3_61\Library\gccCyBLEStack_BLE_SOC_PERIPHERAL.a(ll.o)
                0x0000588e                ll_load_host_data_packet

i.ll_load_packet_to_fifo
                0x000058cc       0xc0
 i.ll_load_packet_to_fifo
                0x000058cc       0xc0 ..\..\4.2\Downloads ( 4.2).cylib\BLE_v3_61\Library\gccCyBLEStack_BLE_SOC_PERIPHERAL.a(ll.o)
                0x000058cc                ll_load_packet_to_fifo

i.ll_process_acks
                0x0000598c       0x60
 i.ll_process_acks
                0x0000598c       0x60 ..\..\4.2\Downloads ( 4.2).cylib\BLE_v3_61\Library\gccCyBLEStack_BLE_SOC_PERIPHERAL.a(ll.o)
                0x0000598c                ll_process_acks

i.ll_reset      0x000059ec       0x14
 i.ll_reset     0x000059ec       0x14 ..\..\4.2\Downloads ( 4.2).cylib\BLE_v3_61\Library\gccCyBLEStack_BLE_SOC_PERIPHERAL.a(ll.o)
                0x000059ec                ll_reset

i.ll_update_active_features
                0x00005a00       0x58
 i.ll_update_active_features
                0x00005a00       0x58 ..\..\4.2\Downloads ( 4.2).cylib\BLE_v3_61\Library\gccCyBLEStack_BLE_SOC_PERIPHERAL.a(ll.o)
                0x00005a00                ll_update_active_features

i.ll_update_device_fsm
                0x00005a58        0x8
 i.ll_update_device_fsm
                0x00005a58        0x8 ..\..\4.2\Downloads ( 4.2).cylib\BLE_v3_61\Library\gccCyBLEStack_BLE_SOC_PERIPHERAL.a(ll.o)
                0x00005a58                ll_update_device_fsm

i.ll_validate_add_device_to_whitelist_params
                0x00005a60       0x14
 i.ll_validate_add_device_to_whitelist_params
                0x00005a60       0x14 ..\..\4.2\Downloads ( 4.2).cylib\BLE_v3_61\Library\gccCyBLEStack_BLE_SOC_PERIPHERAL.a(ll.o)
                0x00005a60                ll_validate_add_device_to_whitelist_params

i.ll_validate_bd_addr
                0x00005a74       0x1a
 i.ll_validate_bd_addr
                0x00005a74       0x1a ..\..\4.2\Downloads ( 4.2).cylib\BLE_v3_61\Library\gccCyBLEStack_BLE_SOC_PERIPHERAL.a(ll.o)
                0x00005a74                ll_validate_bd_addr

i.ll_wait_to_exit_dsm
                0x00005a8e       0x2c
 i.ll_wait_to_exit_dsm
                0x00005a8e       0x2c ..\..\4.2\Downloads ( 4.2).cylib\BLE_v3_61\Library\gccCyBLEStack_BLE_SOC_PERIPHERAL.a(ll.o)

i.pf_le_start_timer
                0x00005aba       0x16
 i.pf_le_start_timer
                0x00005aba       0x16 ..\..\4.2\Downloads ( 4.2).cylib\BLE_v3_61\Library\gccCyBLEStack_BLE_SOC_PERIPHERAL.a(ll.o)
                0x00005aba                pf_le_start_timer

i.pf_le_stop_timer
                0x00005ad0       0x12
 i.pf_le_stop_timer
                0x00005ad0       0x12 ..\..\4.2\Downloads ( 4.2).cylib\BLE_v3_61\Library\gccCyBLEStack_BLE_SOC_PERIPHERAL.a(ll.o)
                0x00005ad0                pf_le_stop_timer

i.CyBleControllerIP_TuneAdvEventInterPktSlots
                0x00005ae4       0x3c
 i.CyBleControllerIP_TuneAdvEventInterPktSlots
                0x00005ae4       0x3c ..\..\4.2\Downloads ( 4.2).cylib\BLE_v3_61\Library\gccCyBLEStack_BLE_SOC_PERIPHERAL.a(ll_advertiser.o)
                0x00005ae4                CyBleControllerIP_TuneAdvEventInterPktSlots

i.ll_adv_is_configured_connection_adv
                0x00005b20       0x1e
 i.ll_adv_is_configured_connection_adv
                0x00005b20       0x1e ..\..\4.2\Downloads ( 4.2).cylib\BLE_v3_61\Library\gccCyBLEStack_BLE_SOC_PERIPHERAL.a(ll_advertiser.o)
                0x00005b20                ll_adv_is_configured_connection_adv

i.ll_check_random_address_in_use_by_advertiser
                0x00005b3e       0x10
 i.ll_check_random_address_in_use_by_advertiser
                0x00005b3e       0x10 ..\..\4.2\Downloads ( 4.2).cylib\BLE_v3_61\Library\gccCyBLEStack_BLE_SOC_PERIPHERAL.a(ll_advertiser.o)
                0x00005b3e                ll_check_random_address_in_use_by_advertiser

i.ll_check_whitelist_in_use_by_advertiser
                0x00005b4e       0x10
 i.ll_check_whitelist_in_use_by_advertiser
                0x00005b4e       0x10 ..\..\4.2\Downloads ( 4.2).cylib\BLE_v3_61\Library\gccCyBLEStack_BLE_SOC_PERIPHERAL.a(ll_advertiser.o)
                0x00005b4e                ll_check_whitelist_in_use_by_advertiser

i.ll_get_adv_data
                0x00005b60        0xc
 i.ll_get_adv_data
                0x00005b60        0xc ..\..\4.2\Downloads ( 4.2).cylib\BLE_v3_61\Library\gccCyBLEStack_BLE_SOC_PERIPHERAL.a(ll_advertiser.o)
                0x00005b60                ll_get_adv_data

i.ll_get_adv_status
                0x00005b6c        0xc
 i.ll_get_adv_status
                0x00005b6c        0xc ..\..\4.2\Downloads ( 4.2).cylib\BLE_v3_61\Library\gccCyBLEStack_BLE_SOC_PERIPHERAL.a(ll_advertiser.o)
                0x00005b6c                ll_get_adv_status

i.ll_get_adv_type
                0x00005b78       0x18
 i.ll_get_adv_type
                0x00005b78       0x18 ..\..\4.2\Downloads ( 4.2).cylib\BLE_v3_61\Library\gccCyBLEStack_BLE_SOC_PERIPHERAL.a(ll_advertiser.o)
                0x00005b78                ll_get_adv_type

i.ll_get_scan_rsp_data
                0x00005b90        0xc
 i.ll_get_scan_rsp_data
                0x00005b90        0xc ..\..\4.2\Downloads ( 4.2).cylib\BLE_v3_61\Library\gccCyBLEStack_BLE_SOC_PERIPHERAL.a(ll_advertiser.o)
                0x00005b90                ll_get_scan_rsp_data

i.ll_handle_adv_intr
                0x00005b9c       0x70
 i.ll_handle_adv_intr
                0x00005b9c       0x70 ..\..\4.2\Downloads ( 4.2).cylib\BLE_v3_61\Library\gccCyBLEStack_BLE_SOC_PERIPHERAL.a(ll_advertiser.o)
                0x00005b9c                ll_handle_adv_intr

i.ll_handle_set_adv_data
                0x00005c0c       0x38
 i.ll_handle_set_adv_data
                0x00005c0c       0x38 ..\..\4.2\Downloads ( 4.2).cylib\BLE_v3_61\Library\gccCyBLEStack_BLE_SOC_PERIPHERAL.a(ll_advertiser.o)
                0x00005c0c                ll_handle_set_adv_data

i.ll_handle_set_adv_parameters
                0x00005c44       0xa4
 i.ll_handle_set_adv_parameters
                0x00005c44       0xa4 ..\..\4.2\Downloads ( 4.2).cylib\BLE_v3_61\Library\gccCyBLEStack_BLE_SOC_PERIPHERAL.a(ll_advertiser.o)
                0x00005c44                ll_handle_set_adv_parameters

i.ll_handle_set_advertise_enable
                0x00005ce8       0x6a
 i.ll_handle_set_advertise_enable
                0x00005ce8       0x6a ..\..\4.2\Downloads ( 4.2).cylib\BLE_v3_61\Library\gccCyBLEStack_BLE_SOC_PERIPHERAL.a(ll_advertiser.o)
                0x00005ce8                ll_handle_set_advertise_enable

i.ll_handle_set_scan_resp_data
                0x00005d54       0x38
 i.ll_handle_set_scan_resp_data
                0x00005d54       0x38 ..\..\4.2\Downloads ( 4.2).cylib\BLE_v3_61\Library\gccCyBLEStack_BLE_SOC_PERIPHERAL.a(ll_advertiser.o)
                0x00005d54                ll_handle_set_scan_resp_data

i.ll_init_advertiser
                0x00005d8c       0x70
 i.ll_init_advertiser
                0x00005d8c       0x70 ..\..\4.2\Downloads ( 4.2).cylib\BLE_v3_61\Library\gccCyBLEStack_BLE_SOC_PERIPHERAL.a(ll_advertiser.o)
                0x00005d8c                ll_init_advertiser

i.ll_update_adv_data
                0x00005dfc       0x44
 i.ll_update_adv_data
                0x00005dfc       0x44 ..\..\4.2\Downloads ( 4.2).cylib\BLE_v3_61\Library\gccCyBLEStack_BLE_SOC_PERIPHERAL.a(ll_advertiser.o)
                0x00005dfc                ll_update_adv_data

i.ll_update_scan_rsp_data
                0x00005e40       0x44
 i.ll_update_scan_rsp_data
                0x00005e40       0x44 ..\..\4.2\Downloads ( 4.2).cylib\BLE_v3_61\Library\gccCyBLEStack_BLE_SOC_PERIPHERAL.a(ll_advertiser.o)
                0x00005e40                ll_update_scan_rsp_data

i.is_le_connection_handle
                0x00005e84       0x28
 i.is_le_connection_handle
                0x00005e84       0x28 ..\..\4.2\Downloads ( 4.2).cylib\BLE_v3_61\Library\gccCyBLEStack_BLE_SOC_PERIPHERAL.a(ll_connection.o)
                0x00005e84                is_le_connection_handle

i.le_assign_connection_handle
                0x00005eac       0x28
 i.le_assign_connection_handle
                0x00005eac       0x28 ..\..\4.2\Downloads ( 4.2).cylib\BLE_v3_61\Library\gccCyBLEStack_BLE_SOC_PERIPHERAL.a(ll_connection.o)
                0x00005eac                le_assign_connection_handle

i.le_get_connection_index
                0x00005ed4        0x6
 i.le_get_connection_index
                0x00005ed4        0x6 ..\..\4.2\Downloads ( 4.2).cylib\BLE_v3_61\Library\gccCyBLEStack_BLE_SOC_PERIPHERAL.a(ll_connection.o)
                0x00005ed4                le_get_connection_index

i.ll_allocate_connection
                0x00005edc       0x44
 i.ll_allocate_connection
                0x00005edc       0x44 ..\..\4.2\Downloads ( 4.2).cylib\BLE_v3_61\Library\gccCyBLEStack_BLE_SOC_PERIPHERAL.a(ll_connection.o)
                0x00005edc                ll_allocate_connection

i.ll_calculate_and_program_def_win_widen_drift
                0x00005f20       0x14
 i.ll_calculate_and_program_def_win_widen_drift
                0x00005f20       0x14 ..\..\4.2\Downloads ( 4.2).cylib\BLE_v3_61\Library\gccCyBLEStack_BLE_SOC_PERIPHERAL.a(ll_connection.o)
                0x00005f20                ll_calculate_and_program_def_win_widen_drift

i.ll_calculate_drift
                0x00005f34       0x2c
 i.ll_calculate_drift
                0x00005f34       0x2c ..\..\4.2\Downloads ( 4.2).cylib\BLE_v3_61\Library\gccCyBLEStack_BLE_SOC_PERIPHERAL.a(ll_connection.o)
                0x00005f34                ll_calculate_drift

i.ll_check_and_decrypt_ll_pdu
                0x00005f60       0x70
 i.ll_check_and_decrypt_ll_pdu
                0x00005f60       0x70 ..\..\4.2\Downloads ( 4.2).cylib\BLE_v3_61\Library\gccCyBLEStack_BLE_SOC_PERIPHERAL.a(ll_connection.o)
                0x00005f60                ll_check_and_decrypt_ll_pdu

i.ll_check_and_decrypt_packet
                0x00005fd0       0x6a
 i.ll_check_and_decrypt_packet
                0x00005fd0       0x6a ..\..\4.2\Downloads ( 4.2).cylib\BLE_v3_61\Library\gccCyBLEStack_BLE_SOC_PERIPHERAL.a(ll_connection.o)
                0x00005fd0                ll_check_and_decrypt_packet

i.ll_check_and_encrypt_ll_pdu
                0x0000603a       0x7c
 i.ll_check_and_encrypt_ll_pdu
                0x0000603a       0x7c ..\..\4.2\Downloads ( 4.2).cylib\BLE_v3_61\Library\gccCyBLEStack_BLE_SOC_PERIPHERAL.a(ll_connection.o)
                0x0000603a                ll_check_and_encrypt_ll_pdu

i.ll_check_and_encrypt_packet
                0x000060b6       0x82
 i.ll_check_and_encrypt_packet
                0x000060b6       0x82 ..\..\4.2\Downloads ( 4.2).cylib\BLE_v3_61\Library\gccCyBLEStack_BLE_SOC_PERIPHERAL.a(ll_connection.o)
                0x000060b6                ll_check_and_encrypt_packet

i.ll_check_for_allowing_incoming_connection_update
                0x00006138       0x42
 i.ll_check_for_allowing_incoming_connection_update
                0x00006138       0x42 ..\..\4.2\Downloads ( 4.2).cylib\BLE_v3_61\Library\gccCyBLEStack_BLE_SOC_PERIPHERAL.a(ll_connection.o)
                0x00006138                ll_check_for_allowing_incoming_connection_update

i.ll_check_if_pdu_is_loaded_to_hardware
                0x0000617c       0x1c
 i.ll_check_if_pdu_is_loaded_to_hardware
                0x0000617c       0x1c ..\..\4.2\Downloads ( 4.2).cylib\BLE_v3_61\Library\gccCyBLEStack_BLE_SOC_PERIPHERAL.a(ll_connection.o)
                0x0000617c                ll_check_if_pdu_is_loaded_to_hardware

i.ll_check_random_address_in_use_by_initiator
                0x00006198       0x30
 i.ll_check_random_address_in_use_by_initiator
                0x00006198       0x30 ..\..\4.2\Downloads ( 4.2).cylib\BLE_v3_61\Library\gccCyBLEStack_BLE_SOC_PERIPHERAL.a(ll_connection.o)